springboot-1  | 
springboot-1  |   .   ____          _            __ _ _
springboot-1  |  /\\ / ___'_ __ _ _(_)_ __  __ _ \ \ \ \
springboot-1  | ( ( )\___ | '_ | '_| | '_ \/ _` | \ \ \ \
springboot-1  |  \\/  ___)| |_)| | | | | || (_| |  ) ) ) )
springboot-1  |   '  |____| .__|_| |_|_| |_\__, | / / / /
springboot-1  |  =========|_|==============|___/=/_/_/_/
springboot-1  | 
springboot-1  |  :: Spring Boot ::                (v4.1.0)
springboot-1  | 
springboot-1  | 2026-08-11T18:19:02.777Z  INFO 1 --- [expensemanager] [           main] c.a.e.ExpensemanagerApplication          : Starting ExpensemanagerApplication v0.0.1-SNAPSHOT using Java 21.0.11 with PID 1 (/app.jar started by root in /)
springboot-1  | 2026-08-11T18:19:02.780Z  INFO 1 --- [expensemanager] [           main] c.a.e.ExpensemanagerApplication          : No active profile set, falling back to 1 default profile: "default"
springboot-1  | 2026-08-11T18:19:03.241Z  INFO 1 --- [expensemanager] [           main] .s.d.r.c.RepositoryConfigurationDelegate : Bootstrapping Spring Data JPA repositories in DEFAULT mode.
springboot-1  | 2026-08-11T18:19:03.286Z  INFO 1 --- [expensemanager] [           main] .s.d.r.c.RepositoryConfigurationDelegate : Finished Spring Data repository scanning in 39 ms. Found 3 JPA repository interfaces.
springboot-1  | 2026-08-11T18:19:03.634Z  INFO 1 --- [expensemanager] [           main] o.s.boot.tomcat.TomcatWebServer          : Tomcat initialized with port 8080 (http)
springboot-1  | 2026-08-11T18:19:03.643Z  INFO 1 --- [expensemanager] [           main] o.apache.catalina.core.StandardService   : Starting service [Tomcat]
springboot-1  | 2026-08-11T18:19:03.643Z  INFO 1 --- [expensemanager] [           main] o.apache.catalina.core.StandardEngine    : Starting Servlet engine: [Apache Tomcat/11.0.22]
springboot-1  | 2026-08-11T18:19:03.661Z  INFO 1 --- [expensemanager] [           main] b.w.c.s.WebApplicationContextInitializer : Root WebApplicationContext: initialization completed in 846 ms
springboot-1  | 2026-08-11T18:19:03.689Z DEBUG 1 --- [expensemanager] [           main] com.zaxxer.hikari.util.UtilityElf        : Class com.mysql.cj.jdbc.Driver found in Thread context class loader TomcatEmbeddedWebappClassLoader
springboot-1  |   context: ROOT
springboot-1  |   delegate: true
springboot-1  | ----------> Parent Classloader:
springboot-1  | org.springframework.boot.loader.launch.LaunchedClassLoader@6d03e736
springboot-1  | 
springboot-1  | 2026-08-11T18:19:03.781Z  INFO 1 --- [expensemanager] [           main] org.hibernate.orm.jpa                    : HHH008540: Processing PersistenceUnitInfo [name: default]
springboot-1  | 2026-08-11T18:19:03.840Z  INFO 1 --- [expensemanager] [           main] org.hibernate.orm.core                   : HHH000001: Hibernate ORM core version 7.4.1.Final
springboot-1  | 2026-08-11T18:19:04.123Z  INFO 1 --- [expensemanager] [           main] o.s.o.j.p.SpringPersistenceUnitInfo      : No LoadTimeWeaver setup: ignoring JPA class transformer
springboot-1  | 2026-08-11T18:19:04.144Z DEBUG 1 --- [expensemanager] [           main] com.zaxxer.hikari.HikariConfig           : HikariPool-1 - configuration:
springboot-1  | 2026-08-11T18:19:04.145Z DEBUG 1 --- [expensemanager] [           main] com.zaxxer.hikari.HikariConfig           : allowPoolSuspension.............false
springboot-1  | 2026-08-11T18:19:04.145Z DEBUG 1 --- [expensemanager] [           main] com.zaxxer.hikari.HikariConfig           : autoCommit......................true
springboot-1  | 2026-08-11T18:19:04.145Z DEBUG 1 --- [expensemanager] [           main] com.zaxxer.hikari.HikariConfig           : catalog.........................none
springboot-1  | 2026-08-11T18:19:04.146Z DEBUG 1 --- [expensemanager] [           main] com.zaxxer.hikari.HikariConfig           : connectionInitSql...............none
springboot-1  | 2026-08-11T18:19:04.146Z DEBUG 1 --- [expensemanager] [           main] com.zaxxer.hikari.HikariConfig           : connectionTestQuery.............none
springboot-1  | 2026-08-11T18:19:04.147Z DEBUG 1 --- [expensemanager] [           main] com.zaxxer.hikari.HikariConfig           : connectionTimeout...............30000
springboot-1  | 2026-08-11T18:19:04.147Z DEBUG 1 --- [expensemanager] [           main] com.zaxxer.hikari.HikariConfig           : credentials.....................com.zaxxer.hikari.util.Credentials@448086ab
springboot-1  | 2026-08-11T18:19:04.147Z DEBUG 1 --- [expensemanager] [           main] com.zaxxer.hikari.HikariConfig           : credentialsProvider.............none
springboot-1  | 2026-08-11T18:19:04.147Z DEBUG 1 --- [expensemanager] [           main] com.zaxxer.hikari.HikariConfig           : credentialsProviderClassName....none
springboot-1  | 2026-08-11T18:19:04.148Z DEBUG 1 --- [expensemanager] [           main] com.zaxxer.hikari.HikariConfig           : dataSource......................none
springboot-1  | 2026-08-11T18:19:04.148Z DEBUG 1 --- [expensemanager] [           main] com.zaxxer.hikari.HikariConfig           : dataSourceClassName.............none
springboot-1  | 2026-08-11T18:19:04.148Z DEBUG 1 --- [expensemanager] [           main] com.zaxxer.hikari.HikariConfig           : dataSourceJNDI..................none
springboot-1  | 2026-08-11T18:19:04.148Z DEBUG 1 --- [expensemanager] [           main] com.zaxxer.hikari.HikariConfig           : dataSourceProperties............{password=<masked>}
springboot-1  | 2026-08-11T18:19:04.148Z DEBUG 1 --- [expensemanager] [           main] com.zaxxer.hikari.HikariConfig           : driverClassName................."com.mysql.cj.jdbc.Driver"
springboot-1  | 2026-08-11T18:19:04.149Z DEBUG 1 --- [expensemanager] [           main] com.zaxxer.hikari.HikariConfig           : exceptionOverride...............none
springboot-1  | 2026-08-11T18:19:04.149Z DEBUG 1 --- [expensemanager] [           main] com.zaxxer.hikari.HikariConfig           : exceptionOverrideClassName......none
springboot-1  | 2026-08-11T18:19:04.149Z DEBUG 1 --- [expensemanager] [           main] com.zaxxer.hikari.HikariConfig           : healthCheckProperties...........{}
springboot-1  | 2026-08-11T18:19:04.149Z DEBUG 1 --- [expensemanager] [           main] com.zaxxer.hikari.HikariConfig           : healthCheckRegistry.............none
springboot-1  | 2026-08-11T18:19:04.149Z DEBUG 1 --- [expensemanager] [           main] com.zaxxer.hikari.HikariConfig           : idleTimeout.....................600000
springboot-1  | 2026-08-11T18:19:04.149Z DEBUG 1 --- [expensemanager] [           main] com.zaxxer.hikari.HikariConfig           : initializationFailTimeout.......1
springboot-1  | 2026-08-11T18:19:04.149Z DEBUG 1 --- [expensemanager] [           main] com.zaxxer.hikari.HikariConfig           : isolateInternalQueries..........false
springboot-1  | 2026-08-11T18:19:04.149Z DEBUG 1 --- [expensemanager] [           main] com.zaxxer.hikari.HikariConfig           : jdbcUrl.........................jdbc:mysql://mysql:3306/expense_manager
springboot-1  | 2026-08-11T18:19:04.149Z DEBUG 1 --- [expensemanager] [           main] com.zaxxer.hikari.HikariConfig           : keepaliveTime...................120000
springboot-1  | 2026-08-11T18:19:04.149Z DEBUG 1 --- [expensemanager] [           main] com.zaxxer.hikari.HikariConfig           : leakDetectionThreshold..........0
springboot-1  | 2026-08-11T18:19:04.150Z DEBUG 1 --- [expensemanager] [           main] com.zaxxer.hikari.HikariConfig           : maxLifetime.....................1800000
springboot-1  | 2026-08-11T18:19:04.150Z DEBUG 1 --- [expensemanager] [           main] com.zaxxer.hikari.HikariConfig           : maximumPoolSize.................10
springboot-1  | 2026-08-11T18:19:04.150Z DEBUG 1 --- [expensemanager] [           main] com.zaxxer.hikari.HikariConfig           : metricRegistry..................none
springboot-1  | 2026-08-11T18:19:04.150Z DEBUG 1 --- [expensemanager] [           main] com.zaxxer.hikari.HikariConfig           : metricsTrackerFactory...........none
springboot-1  | 2026-08-11T18:19:04.150Z DEBUG 1 --- [expensemanager] [           main] com.zaxxer.hikari.HikariConfig           : minimumIdle.....................10
springboot-1  | 2026-08-11T18:19:04.150Z DEBUG 1 --- [expensemanager] [           main] com.zaxxer.hikari.HikariConfig           : password........................<masked>
springboot-1  | 2026-08-11T18:19:04.150Z DEBUG 1 --- [expensemanager] [           main] com.zaxxer.hikari.HikariConfig           : poolName........................"HikariPool-1"
springboot-1  | 2026-08-11T18:19:04.151Z DEBUG 1 --- [expensemanager] [           main] com.zaxxer.hikari.HikariConfig           : readOnly........................false
springboot-1  | 2026-08-11T18:19:04.151Z DEBUG 1 --- [expensemanager] [           main] com.zaxxer.hikari.HikariConfig           : registerMbeans..................false
springboot-1  | 2026-08-11T18:19:04.151Z DEBUG 1 --- [expensemanager] [           main] com.zaxxer.hikari.HikariConfig           : scheduledExecutor...............none
springboot-1  | 2026-08-11T18:19:04.151Z DEBUG 1 --- [expensemanager] [           main] com.zaxxer.hikari.HikariConfig           : schema..........................none
springboot-1  | 2026-08-11T18:19:04.151Z DEBUG 1 --- [expensemanager] [           main] com.zaxxer.hikari.HikariConfig           : threadFactory...................internal
springboot-1  | 2026-08-11T18:19:04.151Z DEBUG 1 --- [expensemanager] [           main] com.zaxxer.hikari.HikariConfig           : transactionIsolation............default
springboot-1  | 2026-08-11T18:19:04.151Z DEBUG 1 --- [expensemanager] [           main] com.zaxxer.hikari.HikariConfig           : username........................"root"
springboot-1  | 2026-08-11T18:19:04.151Z DEBUG 1 --- [expensemanager] [           main] com.zaxxer.hikari.HikariConfig           : validationTimeout...............5000
springboot-1  | 2026-08-11T18:19:04.152Z  INFO 1 --- [expensemanager] [           main] com.zaxxer.hikari.HikariDataSource       : HikariPool-1 - Starting...
springboot-1  | 2026-08-11T18:19:04.163Z DEBUG 1 --- [expensemanager] [           main] com.zaxxer.hikari.pool.PoolBase          : HikariPool-1 - Attempting to create/setup new connection (6c016fa1-82c5-4654-9f0d-9df8f65c048f)
springboot-1  | 2026-08-11T18:19:04.212Z DEBUG 1 --- [expensemanager] [           main] com.zaxxer.hikari.pool.PoolBase          : HikariPool-1 - Failed to create/setup connection (6c016fa1-82c5-4654-9f0d-9df8f65c048f): Communications link failure
springboot-1  | 
springboot-1  | The last packet sent successfully to the server was 0 milliseconds ago. The driver has not received any packets from the server.
springboot-1  | 2026-08-11T18:19:04.212Z DEBUG 1 --- [expensemanager] [           main] com.zaxxer.hikari.pool.HikariPool        : HikariPool-1 - Cannot acquire connection from data source
springboot-1  | 
springboot-1  | com.mysql.cj.jdbc.exceptions.CommunicationsException: Communications link failure
springboot-1  | 
springboot-1  | The last packet sent successfully to the server was 0 milliseconds ago. The driver has not received any packets from the server.
springboot-1  | 	at com.mysql.cj.jdbc.exceptions.SQLError.createCommunicationsException(SQLError.java:165) ~[mysql-connector-j-9.7.0.jar!/:9.7.0]
springboot-1  | 	at com.mysql.cj.jdbc.exceptions.SQLExceptionsMapping.translateException(SQLExceptionsMapping.java:55) ~[mysql-connector-j-9.7.0.jar!/:9.7.0]
springboot-1  | 	at com.mysql.cj.jdbc.ConnectionImpl.createNewIO(ConnectionImpl.java:840) ~[mysql-connector-j-9.7.0.jar!/:9.7.0]
springboot-1  | 	at com.mysql.cj.jdbc.ConnectionImpl.<init>(ConnectionImpl.java:416) ~[mysql-connector-j-9.7.0.jar!/:9.7.0]
springboot-1  | 	at com.mysql.cj.jdbc.ConnectionImpl.getInstance(ConnectionImpl.java:237) ~[mysql-connector-j-9.7.0.jar!/:9.7.0]
springboot-1  | 	at com.mysql.cj.jdbc.NonRegisteringDriver.connect(NonRegisteringDriver.java:180) ~[mysql-connector-j-9.7.0.jar!/:9.7.0]
springboot-1  | 	at com.zaxxer.hikari.util.DriverDataSource.getConnection(DriverDataSource.java:144) ~[HikariCP-7.0.2.jar!/:na]
springboot-1  | 	at com.zaxxer.hikari.pool.PoolBase.newConnection(PoolBase.java:373) ~[HikariCP-7.0.2.jar!/:na]
springboot-1  | 	at com.zaxxer.hikari.pool.PoolBase.newPoolEntry(PoolBase.java:210) ~[HikariCP-7.0.2.jar!/:na]
springboot-1  | 	at com.zaxxer.hikari.pool.HikariPool.createPoolEntry(HikariPool.java:488) ~[HikariCP-7.0.2.jar!/:na]
springboot-1  | 	at com.zaxxer.hikari.pool.HikariPool.checkFailFast(HikariPool.java:576) ~[HikariCP-7.0.2.jar!/:na]
springboot-1  | 	at com.zaxxer.hikari.pool.HikariPool.<init>(HikariPool.java:97) ~[HikariCP-7.0.2.jar!/:na]
springboot-1  | 	at com.zaxxer.hikari.HikariDataSource.getConnection(HikariDataSource.java:111) ~[HikariCP-7.0.2.jar!/:na]
springboot-1  | 	at org.hibernate.engine.jdbc.connections.internal.DataSourceConnectionProvider.getConnection(DataSourceConnectionProvider.java:149) ~[hibernate-core-7.4.1.Final.jar!/:7.4.1.Final]
springboot-1  | 	at org.hibernate.engine.jdbc.env.internal.JdbcEnvironmentInitiator$ConnectionProviderJdbcConnectionAccess.obtainConnection(JdbcEnvironmentInitiator.java:508) ~[hibernate-core-7.4.1.Final.jar!/:7.4.1.Final]
springboot-1  | 	at org.hibernate.resource.transaction.backend.jdbc.internal.JdbcIsolationDelegate.delegateWork(JdbcIsolationDelegate.java:48) ~[hibernate-core-7.4.1.Final.jar!/:7.4.1.Final]
springboot-1  | 	at org.hibernate.engine.jdbc.env.internal.JdbcEnvironmentInitiator.getJdbcEnvironmentUsingJdbcMetadata(JdbcEnvironmentInitiator.java:366) ~[hibernate-core-7.4.1.Final.jar!/:7.4.1.Final]
springboot-1  | 	at org.hibernate.engine.jdbc.env.internal.JdbcEnvironmentInitiator.getJdbcEnvironment(JdbcEnvironmentInitiator.java:143) ~[hibernate-core-7.4.1.Final.jar!/:7.4.1.Final]
springboot-1  | 	at org.hibernate.engine.jdbc.env.internal.JdbcEnvironmentInitiator.initiateService(JdbcEnvironmentInitiator.java:120) ~[hibernate-core-7.4.1.Final.jar!/:7.4.1.Final]
springboot-1  | 	at org.hibernate.engine.jdbc.env.internal.JdbcEnvironmentInitiator.initiateService(JdbcEnvironmentInitiator.java:80) ~[hibernate-core-7.4.1.Final.jar!/:7.4.1.Final]
springboot-1  | 	at org.hibernate.boot.registry.internal.StandardServiceRegistryImpl.initiateService(StandardServiceRegistryImpl.java:133) ~[hibernate-core-7.4.1.Final.jar!/:7.4.1.Final]
springboot-1  | 	at org.hibernate.service.internal.AbstractServiceRegistryImpl.createService(AbstractServiceRegistryImpl.java:260) ~[hibernate-core-7.4.1.Final.jar!/:7.4.1.Final]
springboot-1  | 	at org.hibernate.service.internal.AbstractServiceRegistryImpl.initializeService(AbstractServiceRegistryImpl.java:235) ~[hibernate-core-7.4.1.Final.jar!/:7.4.1.Final]
springboot-1  | 	at org.hibernate.service.internal.AbstractServiceRegistryImpl.getService(AbstractServiceRegistryImpl.java:212) ~[hibernate-core-7.4.1.Final.jar!/:7.4.1.Final]
springboot-1  | 	at org.hibernate.boot.model.relational.Database.<init>(Database.java:44) ~[hibernate-core-7.4.1.Final.jar!/:7.4.1.Final]
springboot-1  | 	at org.hibernate.boot.internal.InFlightMetadataCollectorImpl.getDatabase(InFlightMetadataCollectorImpl.java:251) ~[hibernate-core-7.4.1.Final.jar!/:7.4.1.Final]
springboot-1  | 	at org.hibernate.boot.internal.InFlightMetadataCollectorImpl.<init>(InFlightMetadataCollectorImpl.java:203) ~[hibernate-core-7.4.1.Final.jar!/:7.4.1.Final]
springboot-1  | 	at org.hibernate.boot.model.process.spi.MetadataBuildingProcess.complete(MetadataBuildingProcess.java:180) ~[hibernate-core-7.4.1.Final.jar!/:7.4.1.Final]
springboot-1  | 	at org.hibernate.jpa.boot.internal.EntityManagerFactoryBuilderImpl.metadata(EntityManagerFactoryBuilderImpl.java:1388) ~[hibernate-core-7.4.1.Final.jar!/:7.4.1.Final]
springboot-1  | 	at org.hibernate.jpa.boot.internal.EntityManagerFactoryBuilderImpl.populateSessionFactoryBuilder(EntityManagerFactoryBuilderImpl.java:1468) ~[hibernate-core-7.4.1.Final.jar!/:7.4.1.Final]
springboot-1  | 	at org.hibernate.jpa.boot.internal.EntityManagerFactoryBuilderImpl.build(EntityManagerFactoryBuilderImpl.java:1450) ~[hibernate-core-7.4.1.Final.jar!/:7.4.1.Final]
springboot-1  | 	at org.springframework.orm.jpa.vendor.SpringHibernateJpaPersistenceProvider.createContainerEntityManagerFactory(SpringHibernateJpaPersistenceProvider.java:93) ~[spring-orm-7.0.8.jar!/:7.0.8]
springboot-1  | 	at org.springframework.orm.jpa.LocalContainerEntityManagerFactoryBean.createNativeEntityManagerFactory(LocalContainerEntityManagerFactoryBean.java:443) ~[spring-orm-7.0.8.jar!/:7.0.8]
springboot-1  | 	at org.springframework.orm.jpa.AbstractEntityManagerFactoryBean.buildNativeEntityManagerFactory(AbstractEntityManagerFactoryBean.java:436) ~[spring-orm-7.0.8.jar!/:7.0.8]
springboot-1  | 	at org.springframework.orm.jpa.AbstractEntityManagerFactoryBean.afterPropertiesSet(AbstractEntityManagerFactoryBean.java:411) ~[spring-orm-7.0.8.jar!/:7.0.8]
springboot-1  | 	at org.springframework.orm.jpa.LocalContainerEntityManagerFactoryBean.afterPropertiesSet(LocalContainerEntityManagerFactoryBean.java:419) ~[spring-orm-7.0.8.jar!/:7.0.8]
springboot-1  | 	at org.springframework.beans.factory.support.AbstractAutowireCapableBeanFactory.invokeInitMethods(AbstractAutowireCapableBeanFactory.java:1862) ~[spring-beans-7.0.8.jar!/:7.0.8]
springboot-1  | 	at org.springframework.beans.factory.support.AbstractAutowireCapableBeanFactory.initializeBean(AbstractAutowireCapableBeanFactory.java:1811) ~[spring-beans-7.0.8.jar!/:7.0.8]
springboot-1  | 	at org.springframework.beans.factory.support.AbstractAutowireCapableBeanFactory.doCreateBean(AbstractAutowireCapableBeanFactory.java:603) ~[spring-beans-7.0.8.jar!/:7.0.8]
springboot-1  | 	at org.springframework.beans.factory.support.AbstractAutowireCapableBeanFactory.createBean(AbstractAutowireCapableBeanFactory.java:525) ~[spring-beans-7.0.8.jar!/:7.0.8]
springboot-1  | 	at org.springframework.beans.factory.support.AbstractBeanFactory.lambda$doGetBean$0(AbstractBeanFactory.java:333) ~[spring-beans-7.0.8.jar!/:7.0.8]
springboot-1  | 	at org.springframework.beans.factory.support.DefaultSingletonBeanRegistry.getSingleton(DefaultSingletonBeanRegistry.java:371) ~[spring-beans-7.0.8.jar!/:7.0.8]
springboot-1  | 	at org.springframework.beans.factory.support.AbstractBeanFactory.doGetBean(AbstractBeanFactory.java:331) ~[spring-beans-7.0.8.jar!/:7.0.8]
springboot-1  | 	at org.springframework.beans.factory.support.AbstractBeanFactory.getBean(AbstractBeanFactory.java:196) ~[spring-beans-7.0.8.jar!/:7.0.8]
springboot-1  | 	at org.springframework.beans.factory.support.BeanDefinitionValueResolver.resolveReference(BeanDefinitionValueResolver.java:365) ~[spring-beans-7.0.8.jar!/:7.0.8]
springboot-1  | 	at org.springframework.beans.factory.support.BeanDefinitionValueResolver.resolveValueIfNecessary(BeanDefinitionValueResolver.java:135) ~[spring-beans-7.0.8.jar!/:7.0.8]
springboot-1  | 	at org.springframework.beans.factory.support.ConstructorResolver.resolveConstructorArguments(ConstructorResolver.java:691) ~[spring-beans-7.0.8.jar!/:7.0.8]
springboot-1  | 	at org.springframework.beans.factory.support.ConstructorResolver.instantiateUsingFactoryMethod(ConstructorResolver.java:513) ~[spring-beans-7.0.8.jar!/:7.0.8]
springboot-1  | 	at org.springframework.beans.factory.support.AbstractAutowireCapableBeanFactory.instantiateUsingFactoryMethod(AbstractAutowireCapableBeanFactory.java:1360) ~[spring-beans-7.0.8.jar!/:7.0.8]
springboot-1  | 	at org.springframework.beans.factory.support.AbstractAutowireCapableBeanFactory.createBeanInstance(AbstractAutowireCapableBeanFactory.java:1192) ~[spring-beans-7.0.8.jar!/:7.0.8]
springboot-1  | 	at org.springframework.beans.factory.support.AbstractAutowireCapableBeanFactory.doCreateBean(AbstractAutowireCapableBeanFactory.java:565) ~[spring-beans-7.0.8.jar!/:7.0.8]
springboot-1  | 	at org.springframework.beans.factory.support.AbstractAutowireCapableBeanFactory.createBean(AbstractAutowireCapableBeanFactory.java:525) ~[spring-beans-7.0.8.jar!/:7.0.8]
springboot-1  | 	at org.springframework.beans.factory.support.AbstractBeanFactory.lambda$doGetBean$0(AbstractBeanFactory.java:333) ~[spring-beans-7.0.8.jar!/:7.0.8]
springboot-1  | 	at org.springframework.beans.factory.support.DefaultSingletonBeanRegistry.getSingleton(DefaultSingletonBeanRegistry.java:371) ~[spring-beans-7.0.8.jar!/:7.0.8]
springboot-1  | 	at org.springframework.beans.factory.support.AbstractBeanFactory.doGetBean(AbstractBeanFactory.java:331) ~[spring-beans-7.0.8.jar!/:7.0.8]
springboot-1  | 	at org.springframework.beans.factory.support.AbstractBeanFactory.getBean(AbstractBeanFactory.java:201) ~[spring-beans-7.0.8.jar!/:7.0.8]
springboot-1  | 	at org.springframework.beans.factory.support.BeanDefinitionValueResolver.resolveReference(BeanDefinitionValueResolver.java:356) ~[spring-beans-7.0.8.jar!/:7.0.8]
springboot-1  | 	at org.springframework.beans.factory.support.BeanDefinitionValueResolver.resolveValueIfNecessary(BeanDefinitionValueResolver.java:135) ~[spring-beans-7.0.8.jar!/:7.0.8]
springboot-1  | 	at org.springframework.beans.factory.support.AbstractAutowireCapableBeanFactory.applyPropertyValues(AbstractAutowireCapableBeanFactory.java:1710) ~[spring-beans-7.0.8.jar!/:7.0.8]
springboot-1  | 	at org.springframework.beans.factory.support.AbstractAutowireCapableBeanFactory.populateBean(AbstractAutowireCapableBeanFactory.java:1459) ~[spring-beans-7.0.8.jar!/:7.0.8]
springboot-1  | 	at org.springframework.beans.factory.support.AbstractAutowireCapableBeanFactory.doCreateBean(AbstractAutowireCapableBeanFactory.java:602) ~[spring-beans-7.0.8.jar!/:7.0.8]
springboot-1  | 	at org.springframework.beans.factory.support.AbstractAutowireCapableBeanFactory.createBean(AbstractAutowireCapableBeanFactory.java:525) ~[spring-beans-7.0.8.jar!/:7.0.8]
springboot-1  | 	at org.springframework.beans.factory.support.AbstractBeanFactory.lambda$doGetBean$0(AbstractBeanFactory.java:333) ~[spring-beans-7.0.8.jar!/:7.0.8]
springboot-1  | 	at org.springframework.beans.factory.support.DefaultSingletonBeanRegistry.getSingleton(DefaultSingletonBeanRegistry.java:371) ~[spring-beans-7.0.8.jar!/:7.0.8]
springboot-1  | 	at org.springframework.beans.factory.support.AbstractBeanFactory.doGetBean(AbstractBeanFactory.java:331) ~[spring-beans-7.0.8.jar!/:7.0.8]
springboot-1  | 	at org.springframework.beans.factory.support.AbstractBeanFactory.getBean(AbstractBeanFactory.java:201) ~[spring-beans-7.0.8.jar!/:7.0.8]
springboot-1  | 	at org.springframework.beans.factory.support.DefaultListableBeanFactory.resolveBean(DefaultListableBeanFactory.java:1232) ~[spring-beans-7.0.8.jar!/:7.0.8]
springboot-1  | 	at org.springframework.beans.factory.support.DefaultListableBeanFactory.doResolveDependency(DefaultListableBeanFactory.java:1711) ~[spring-beans-7.0.8.jar!/:7.0.8]
springboot-1  | 	at org.springframework.beans.factory.support.DefaultListableBeanFactory.resolveDependency(DefaultListableBeanFactory.java:1658) ~[spring-beans-7.0.8.jar!/:7.0.8]
springboot-1  | 	at org.springframework.beans.factory.support.ConstructorResolver.resolveAutowiredArgument(ConstructorResolver.java:912) ~[spring-beans-7.0.8.jar!/:7.0.8]
springboot-1  | 	at org.springframework.beans.factory.support.ConstructorResolver.createArgumentArray(ConstructorResolver.java:791) ~[spring-beans-7.0.8.jar!/:7.0.8]
springboot-1  | 	at org.springframework.beans.factory.support.ConstructorResolver.autowireConstructor(ConstructorResolver.java:240) ~[spring-beans-7.0.8.jar!/:7.0.8]
springboot-1  | 	at org.springframework.beans.factory.support.AbstractAutowireCapableBeanFactory.autowireConstructor(AbstractAutowireCapableBeanFactory.java:1380) ~[spring-beans-7.0.8.jar!/:7.0.8]
springboot-1  | 	at org.springframework.beans.factory.support.AbstractAutowireCapableBeanFactory.createBeanInstance(AbstractAutowireCapableBeanFactory.java:1219) ~[spring-beans-7.0.8.jar!/:7.0.8]
springboot-1  | 	at org.springframework.beans.factory.support.AbstractAutowireCapableBeanFactory.doCreateBean(AbstractAutowireCapableBeanFactory.java:565) ~[spring-beans-7.0.8.jar!/:7.0.8]
springboot-1  | 	at org.springframework.beans.factory.support.AbstractAutowireCapableBeanFactory.createBean(AbstractAutowireCapableBeanFactory.java:525) ~[spring-beans-7.0.8.jar!/:7.0.8]
springboot-1  | 	at org.springframework.beans.factory.support.AbstractBeanFactory.lambda$doGetBean$0(AbstractBeanFactory.java:333) ~[spring-beans-7.0.8.jar!/:7.0.8]
springboot-1  | 	at org.springframework.beans.factory.support.DefaultSingletonBeanRegistry.getSingleton(DefaultSingletonBeanRegistry.java:371) ~[spring-beans-7.0.8.jar!/:7.0.8]
springboot-1  | 	at org.springframework.beans.factory.support.AbstractBeanFactory.doGetBean(AbstractBeanFactory.java:331) ~[spring-beans-7.0.8.jar!/:7.0.8]
springboot-1  | 	at org.springframework.beans.factory.support.AbstractBeanFactory.getBean(AbstractBeanFactory.java:201) ~[spring-beans-7.0.8.jar!/:7.0.8]
springboot-1  | 	at org.springframework.beans.factory.support.DefaultListableBeanFactory.resolveBean(DefaultListableBeanFactory.java:1232) ~[spring-beans-7.0.8.jar!/:7.0.8]
springboot-1  | 	at org.springframework.beans.factory.support.DefaultListableBeanFactory.doResolveDependency(DefaultListableBeanFactory.java:1711) ~[spring-beans-7.0.8.jar!/:7.0.8]
springboot-1  | 	at org.springframework.beans.factory.support.DefaultListableBeanFactory.resolveDependency(DefaultListableBeanFactory.java:1658) ~[spring-beans-7.0.8.jar!/:7.0.8]
springboot-1  | 	at org.springframework.beans.factory.support.ConstructorResolver.resolveAutowiredArgument(ConstructorResolver.java:912) ~[spring-beans-7.0.8.jar!/:7.0.8]
springboot-1  | 	at org.springframework.beans.factory.support.ConstructorResolver.createArgumentArray(ConstructorResolver.java:791) ~[spring-beans-7.0.8.jar!/:7.0.8]
springboot-1  | 	at org.springframework.beans.factory.support.ConstructorResolver.autowireConstructor(ConstructorResolver.java:240) ~[spring-beans-7.0.8.jar!/:7.0.8]
springboot-1  | 	at org.springframework.beans.factory.support.AbstractAutowireCapableBeanFactory.autowireConstructor(AbstractAutowireCapableBeanFactory.java:1380) ~[spring-beans-7.0.8.jar!/:7.0.8]
springboot-1  | 	at org.springframework.beans.factory.support.AbstractAutowireCapableBeanFactory.createBeanInstance(AbstractAutowireCapableBeanFactory.java:1219) ~[spring-beans-7.0.8.jar!/:7.0.8]
springboot-1  | 	at org.springframework.beans.factory.support.AbstractAutowireCapableBeanFactory.doCreateBean(AbstractAutowireCapableBeanFactory.java:565) ~[spring-beans-7.0.8.jar!/:7.0.8]
springboot-1  | 	at org.springframework.beans.factory.support.AbstractAutowireCapableBeanFactory.createBean(AbstractAutowireCapableBeanFactory.java:525) ~[spring-beans-7.0.8.jar!/:7.0.8]
springboot-1  | 	at org.springframework.beans.factory.support.AbstractBeanFactory.lambda$doGetBean$0(AbstractBeanFactory.java:333) ~[spring-beans-7.0.8.jar!/:7.0.8]
springboot-1  | 	at org.springframework.beans.factory.support.DefaultSingletonBeanRegistry.getSingleton(DefaultSingletonBeanRegistry.java:371) ~[spring-beans-7.0.8.jar!/:7.0.8]
springboot-1  | 	at org.springframework.beans.factory.support.AbstractBeanFactory.doGetBean(AbstractBeanFactory.java:331) ~[spring-beans-7.0.8.jar!/:7.0.8]
springboot-1  | 	at org.springframework.beans.factory.support.AbstractBeanFactory.getBean(AbstractBeanFactory.java:201) ~[spring-beans-7.0.8.jar!/:7.0.8]
springboot-1  | 	at org.springframework.boot.web.servlet.ServletContextInitializerBeans.getOrderedBeansOfType(ServletContextInitializerBeans.java:231) ~[spring-boot-4.1.0.jar!/:4.1.0]
springboot-1  | 	at org.springframework.boot.web.servlet.ServletContextInitializerBeans.addAsRegistrationBean(ServletContextInitializerBeans.java:185) ~[spring-boot-4.1.0.jar!/:4.1.0]
springboot-1  | 	at org.springframework.boot.web.servlet.ServletContextInitializerBeans.addAsRegistrationBean(ServletContextInitializerBeans.java:180) ~[spring-boot-4.1.0.jar!/:4.1.0]
springboot-1  | 	at org.springframework.boot.web.servlet.ServletContextInitializerBeans.addAdaptableBeans(ServletContextInitializerBeans.java:165) ~[spring-boot-4.1.0.jar!/:4.1.0]
springboot-1  | 	at org.springframework.boot.web.servlet.ServletContextInitializerBeans.<init>(ServletContextInitializerBeans.java:97) ~[spring-boot-4.1.0.jar!/:4.1.0]
springboot-1  | 	at org.springframework.boot.web.context.servlet.WebApplicationContextInitializer.initialize(WebApplicationContextInitializer.java:53) ~[spring-boot-4.1.0.jar!/:4.1.0]
springboot-1  | 	at org.springframework.boot.tomcat.servlet.DeferredServletContainerInitializers.onStartup(DeferredServletContainerInitializers.java:55) ~[spring-boot-tomcat-4.1.0.jar!/:4.1.0]
springboot-1  | 	at org.apache.catalina.core.StandardContext.startInternal(StandardContext.java:4420) ~[tomcat-embed-core-11.0.22.jar!/:na]
springboot-1  | 	at org.apache.catalina.util.LifecycleBase.start(LifecycleBase.java:164) ~[tomcat-embed-core-11.0.22.jar!/:na]
springboot-1  | 	at org.apache.catalina.core.ContainerBase$StartChild.call(ContainerBase.java:1162) ~[tomcat-embed-core-11.0.22.jar!/:na]
springboot-1  | 	at org.apache.catalina.core.ContainerBase$StartChild.call(ContainerBase.java:1158) ~[tomcat-embed-core-11.0.22.jar!/:na]
springboot-1  | 	at java.base/java.util.concurrent.FutureTask.run(FutureTask.java:317) ~[na:na]
springboot-1  | 	at org.apache.tomcat.util.threads.InlineExecutorService.execute(InlineExecutorService.java:81) ~[tomcat-embed-core-11.0.22.jar!/:na]
springboot-1  | 	at java.base/java.util.concurrent.AbstractExecutorService.submit(AbstractExecutorService.java:145) ~[na:na]
springboot-1  | 	at org.apache.catalina.core.ContainerBase.startInternal(ContainerBase.java:714) ~[tomcat-embed-core-11.0.22.jar!/:na]
springboot-1  | 	at org.apache.catalina.core.StandardHost.startInternal(StandardHost.java:780) ~[tomcat-embed-core-11.0.22.jar!/:na]
springboot-1  | 	at org.apache.catalina.util.LifecycleBase.start(LifecycleBase.java:164) ~[tomcat-embed-core-11.0.22.jar!/:na]
springboot-1  | 	at org.apache.catalina.core.ContainerBase$StartChild.call(ContainerBase.java:1162) ~[tomcat-embed-core-11.0.22.jar!/:na]
springboot-1  | 	at org.apache.catalina.core.ContainerBase$StartChild.call(ContainerBase.java:1158) ~[tomcat-embed-core-11.0.22.jar!/:na]
springboot-1  | 	at java.base/java.util.concurrent.FutureTask.run(FutureTask.java:317) ~[na:na]
springboot-1  | 	at org.apache.tomcat.util.threads.InlineExecutorService.execute(InlineExecutorService.java:81) ~[tomcat-embed-core-11.0.22.jar!/:na]
springboot-1  | 	at java.base/java.util.concurrent.AbstractExecutorService.submit(AbstractExecutorService.java:145) ~[na:na]
springboot-1  | 	at org.apache.catalina.core.ContainerBase.startInternal(ContainerBase.java:714) ~[tomcat-embed-core-11.0.22.jar!/:na]
springboot-1  | 	at org.apache.catalina.core.StandardEngine.startInternal(StandardEngine.java:201) ~[tomcat-embed-core-11.0.22.jar!/:na]
springboot-1  | 	at org.apache.catalina.util.LifecycleBase.start(LifecycleBase.java:164) ~[tomcat-embed-core-11.0.22.jar!/:na]
springboot-1  | 	at org.apache.catalina.core.StandardService.startInternal(StandardService.java:410) ~[tomcat-embed-core-11.0.22.jar!/:na]
springboot-1  | 	at org.apache.catalina.util.LifecycleBase.start(LifecycleBase.java:164) ~[tomcat-embed-core-11.0.22.jar!/:na]
springboot-1  | 	at org.apache.catalina.core.StandardServer.startInternal(StandardServer.java:864) ~[tomcat-embed-core-11.0.22.jar!/:na]
springboot-1  | 	at org.apache.catalina.util.LifecycleBase.start(LifecycleBase.java:164) ~[tomcat-embed-core-11.0.22.jar!/:na]
springboot-1  | 	at org.apache.catalina.startup.Tomcat.start(Tomcat.java:435) ~[tomcat-embed-core-11.0.22.jar!/:na]
springboot-1  | 	at org.springframework.boot.tomcat.TomcatWebServer.initialize(TomcatWebServer.java:131) ~[spring-boot-tomcat-4.1.0.jar!/:4.1.0]
springboot-1  | 	at org.springframework.boot.tomcat.TomcatWebServer.<init>(TomcatWebServer.java:110) ~[spring-boot-tomcat-4.1.0.jar!/:4.1.0]
springboot-1  | 	at org.springframework.boot.tomcat.servlet.TomcatServletWebServerFactory.getTomcatWebServer(TomcatServletWebServerFactory.java:429) ~[spring-boot-tomcat-4.1.0.jar!/:4.1.0]
springboot-1  | 	at org.springframework.boot.tomcat.servlet.TomcatServletWebServerFactory.getWebServer(TomcatServletWebServerFactory.java:167) ~[spring-boot-tomcat-4.1.0.jar!/:4.1.0]
springboot-1  | 	at org.springframework.boot.web.server.servlet.context.ServletWebServerApplicationContext.createWebServer(ServletWebServerApplicationContext.java:190) ~[spring-boot-web-server-4.1.0.jar!/:4.1.0]
springboot-1  | 	at org.springframework.boot.web.server.servlet.context.ServletWebServerApplicationContext.onRefresh(ServletWebServerApplicationContext.java:164) ~[spring-boot-web-server-4.1.0.jar!/:4.1.0]
springboot-1  | 	at org.springframework.context.support.AbstractApplicationContext.refresh(AbstractApplicationContext.java:615) ~[spring-context-7.0.8.jar!/:7.0.8]
springboot-1  | 	at org.springframework.boot.web.server.servlet.context.ServletWebServerApplicationContext.refresh(ServletWebServerApplicationContext.java:143) ~[spring-boot-web-server-4.1.0.jar!/:4.1.0]
springboot-1  | 	at org.springframework.boot.SpringApplication.refresh(SpringApplication.java:756) ~[spring-boot-4.1.0.jar!/:4.1.0]
springboot-1  | 	at org.springframework.boot.SpringApplication.refreshContext(SpringApplication.java:445) ~[spring-boot-4.1.0.jar!/:4.1.0]
springboot-1  | 	at org.springframework.boot.SpringApplication.run(SpringApplication.java:321) ~[spring-boot-4.1.0.jar!/:4.1.0]
springboot-1  | 	at org.springframework.boot.SpringApplication.run(SpringApplication.java:1365) ~[spring-boot-4.1.0.jar!/:4.1.0]
springboot-1  | 	at org.springframework.boot.SpringApplication.run(SpringApplication.java:1354) ~[spring-boot-4.1.0.jar!/:4.1.0]
springboot-1  | 	at com.achintya.expensemanager.ExpensemanagerApplication.main(ExpensemanagerApplication.java:10) ~[!/:0.0.1-SNAPSHOT]
springboot-1  | 	at java.base/jdk.internal.reflect.DirectMethodHandleAccessor.invoke(DirectMethodHandleAccessor.java:103) ~[na:na]
springboot-1  | 	at java.base/java.lang.reflect.Method.invoke(Method.java:580) ~[na:na]
springboot-1  | 	at org.springframework.boot.loader.launch.Launcher.launch(Launcher.java:106) ~[app.jar:0.0.1-SNAPSHOT]
springboot-1  | 	at org.springframework.boot.loader.launch.Launcher.launch(Launcher.java:64) ~[app.jar:0.0.1-SNAPSHOT]
springboot-1  | 	at org.springframework.boot.loader.launch.JarLauncher.main(JarLauncher.java:40) ~[app.jar:0.0.1-SNAPSHOT]
springboot-1  | Caused by: com.mysql.cj.exceptions.CJCommunicationsException: Communications link failure
springboot-1  | 
springboot-1  | The last packet sent successfully to the server was 0 milliseconds ago. The driver has not received any packets from the server.
springboot-1  | 	at java.base/jdk.internal.reflect.DirectConstructorHandleAccessor.newInstance(DirectConstructorHandleAccessor.java:62) ~[na:na]
springboot-1  | 	at java.base/java.lang.reflect.Constructor.newInstanceWithCaller(Constructor.java:502) ~[na:na]
springboot-1  | 	at java.base/java.lang.reflect.Constructor.newInstance(Constructor.java:486) ~[na:na]
springboot-1  | 	at com.mysql.cj.exceptions.ExceptionFactory.createException(ExceptionFactory.java:52) ~[mysql-connector-j-9.7.0.jar!/:9.7.0]
springboot-1  | 	at com.mysql.cj.exceptions.ExceptionFactory.createException(ExceptionFactory.java:95) ~[mysql-connector-j-9.7.0.jar!/:9.7.0]
springboot-1  | 	at com.mysql.cj.exceptions.ExceptionFactory.createException(ExceptionFactory.java:140) ~[mysql-connector-j-9.7.0.jar!/:9.7.0]
springboot-1  | 	at com.mysql.cj.exceptions.ExceptionFactory.createCommunicationsException(ExceptionFactory.java:156) ~[mysql-connector-j-9.7.0.jar!/:9.7.0]
springboot-1  | 	at com.mysql.cj.protocol.a.NativeSocketConnection.connect(NativeSocketConnection.java:79) ~[mysql-connector-j-9.7.0.jar!/:9.7.0]
springboot-1  | 	at com.mysql.cj.NativeSession.connect(NativeSession.java:142) ~[mysql-connector-j-9.7.0.jar!/:9.7.0]
springboot-1  | 	at com.mysql.cj.jdbc.ConnectionImpl.connectOneTryOnly(ConnectionImpl.java:964) ~[mysql-connector-j-9.7.0.jar!/:9.7.0]
springboot-1  | 	at com.mysql.cj.jdbc.ConnectionImpl.createNewIO(ConnectionImpl.java:828) ~[mysql-connector-j-9.7.0.jar!/:9.7.0]
springboot-1  | 	... 140 common frames omitted
springboot-1  | Caused by: java.net.ConnectException: Connection refused
springboot-1  | 	at java.base/sun.nio.ch.Net.pollConnect(Native Method) ~[na:na]
springboot-1  | 	at java.base/sun.nio.ch.Net.pollConnectNow(Net.java:694) ~[na:na]
springboot-1  | 	at java.base/sun.nio.ch.NioSocketImpl.timedFinishConnect(NioSocketImpl.java:542) ~[na:na]
springboot-1  | 	at java.base/sun.nio.ch.NioSocketImpl.connect(NioSocketImpl.java:592) ~[na:na]
springboot-1  | 	at java.base/java.net.SocksSocketImpl.connect(SocksSocketImpl.java:327) ~[na:na]
springboot-1  | 	at java.base/java.net.Socket.connect(Socket.java:751) ~[na:na]
springboot-1  | 	at com.mysql.cj.protocol.StandardSocketFactory.connect(StandardSocketFactory.java:144) ~[mysql-connector-j-9.7.0.jar!/:9.7.0]
springboot-1  | 	at com.mysql.cj.protocol.a.NativeSocketConnection.connect(NativeSocketConnection.java:53) ~[mysql-connector-j-9.7.0.jar!/:9.7.0]
springboot-1  | 	... 143 common frames omitted
springboot-1  | 
springboot-1  | 2026-08-11T18:19:05.219Z  WARN 1 --- [expensemanager] [           main] org.hibernate.orm.jdbc.error             : HHH000247: ErrorCode: 0, SQLState: 08S01
springboot-1  | 2026-08-11T18:19:05.220Z  WARN 1 --- [expensemanager] [           main] org.hibernate.orm.jdbc.error             : Communications link failure
springboot-1  | 
springboot-1  | The last packet sent successfully to the server was 0 milliseconds ago. The driver has not received any packets from the server.
springboot-1  | 2026-08-11T18:19:05.221Z  WARN 1 --- [expensemanager] [           main] org.hibernate.orm.jdbc                   : HHH100046: Could not obtain connection to query JDBC database metadata
springboot-1  | 
springboot-1  | org.hibernate.exception.JDBCConnectionException: Unable to obtain isolated JDBC connection [Communications link failure
springboot-1  | 
springboot-1  | The last packet sent successfully to the server was 0 milliseconds ago. The driver has not received any packets from the server.] [n/a]
springboot-1  | 	at org.hibernate.exception.internal.SQLStateConversionDelegate.convert(SQLStateConversionDelegate.java:80) ~[hibernate-core-7.4.1.Final.jar!/:7.4.1.Final]
springboot-1  | 	at org.hibernate.exception.internal.StandardSQLExceptionConverter.convert(StandardSQLExceptionConverter.java:34) ~[hibernate-core-7.4.1.Final.jar!/:7.4.1.Final]
springboot-1  | 	at org.hibernate.engine.jdbc.spi.SqlExceptionHelper.convert(SqlExceptionHelper.java:115) ~[hibernate-core-7.4.1.Final.jar!/:7.4.1.Final]
springboot-1  | 	at org.hibernate.engine.jdbc.spi.SqlExceptionHelper.convert(SqlExceptionHelper.java:101) ~[hibernate-core-7.4.1.Final.jar!/:7.4.1.Final]
springboot-1  | 	at org.hibernate.resource.transaction.backend.jdbc.internal.JdbcIsolationDelegate.delegateWork(JdbcIsolationDelegate.java:51) ~[hibernate-core-7.4.1.Final.jar!/:7.4.1.Final]
springboot-1  | 	at org.hibernate.engine.jdbc.env.internal.JdbcEnvironmentInitiator.getJdbcEnvironmentUsingJdbcMetadata(JdbcEnvironmentInitiator.java:366) ~[hibernate-core-7.4.1.Final.jar!/:7.4.1.Final]
springboot-1  | 	at org.hibernate.engine.jdbc.env.internal.JdbcEnvironmentInitiator.getJdbcEnvironment(JdbcEnvironmentInitiator.java:143) ~[hibernate-core-7.4.1.Final.jar!/:7.4.1.Final]
springboot-1  | 	at org.hibernate.engine.jdbc.env.internal.JdbcEnvironmentInitiator.initiateService(JdbcEnvironmentInitiator.java:120) ~[hibernate-core-7.4.1.Final.jar!/:7.4.1.Final]
springboot-1  | 	at org.hibernate.engine.jdbc.env.internal.JdbcEnvironmentInitiator.initiateService(JdbcEnvironmentInitiator.java:80) ~[hibernate-core-7.4.1.Final.jar!/:7.4.1.Final]
springboot-1  | 	at org.hibernate.boot.registry.internal.StandardServiceRegistryImpl.initiateService(StandardServiceRegistryImpl.java:133) ~[hibernate-core-7.4.1.Final.jar!/:7.4.1.Final]
springboot-1  | 	at org.hibernate.service.internal.AbstractServiceRegistryImpl.createService(AbstractServiceRegistryImpl.java:260) ~[hibernate-core-7.4.1.Final.jar!/:7.4.1.Final]
springboot-1  | 	at org.hibernate.service.internal.AbstractServiceRegistryImpl.initializeService(AbstractServiceRegistryImpl.java:235) ~[hibernate-core-7.4.1.Final.jar!/:7.4.1.Final]
springboot-1  | 	at org.hibernate.service.internal.AbstractServiceRegistryImpl.getService(AbstractServiceRegistryImpl.java:212) ~[hibernate-core-7.4.1.Final.jar!/:7.4.1.Final]
springboot-1  | 	at org.hibernate.boot.model.relational.Database.<init>(Database.java:44) ~[hibernate-core-7.4.1.Final.jar!/:7.4.1.Final]
springboot-1  | 	at org.hibernate.boot.internal.InFlightMetadataCollectorImpl.getDatabase(InFlightMetadataCollectorImpl.java:251) ~[hibernate-core-7.4.1.Final.jar!/:7.4.1.Final]
springboot-1  | 	at org.hibernate.boot.internal.InFlightMetadataCollectorImpl.<init>(InFlightMetadataCollectorImpl.java:203) ~[hibernate-core-7.4.1.Final.jar!/:7.4.1.Final]
springboot-1  | 	at org.hibernate.boot.model.process.spi.MetadataBuildingProcess.complete(MetadataBuildingProcess.java:180) ~[hibernate-core-7.4.1.Final.jar!/:7.4.1.Final]
springboot-1  | 	at org.hibernate.jpa.boot.internal.EntityManagerFactoryBuilderImpl.metadata(EntityManagerFactoryBuilderImpl.java:1388) ~[hibernate-core-7.4.1.Final.jar!/:7.4.1.Final]
springboot-1  | 	at org.hibernate.jpa.boot.internal.EntityManagerFactoryBuilderImpl.populateSessionFactoryBuilder(EntityManagerFactoryBuilderImpl.java:1468) ~[hibernate-core-7.4.1.Final.jar!/:7.4.1.Final]
springboot-1  | 	at org.hibernate.jpa.boot.internal.EntityManagerFactoryBuilderImpl.build(EntityManagerFactoryBuilderImpl.java:1450) ~[hibernate-core-7.4.1.Final.jar!/:7.4.1.Final]
springboot-1  | 	at org.springframework.orm.jpa.vendor.SpringHibernateJpaPersistenceProvider.createContainerEntityManagerFactory(SpringHibernateJpaPersistenceProvider.java:93) ~[spring-orm-7.0.8.jar!/:7.0.8]
springboot-1  | 	at org.springframework.orm.jpa.LocalContainerEntityManagerFactoryBean.createNativeEntityManagerFactory(LocalContainerEntityManagerFactoryBean.java:443) ~[spring-orm-7.0.8.jar!/:7.0.8]
springboot-1  | 	at org.springframework.orm.jpa.AbstractEntityManagerFactoryBean.buildNativeEntityManagerFactory(AbstractEntityManagerFactoryBean.java:436) ~[spring-orm-7.0.8.jar!/:7.0.8]
springboot-1  | 	at org.springframework.orm.jpa.AbstractEntityManagerFactoryBean.afterPropertiesSet(AbstractEntityManagerFactoryBean.java:411) ~[spring-orm-7.0.8.jar!/:7.0.8]
springboot-1  | 	at org.springframework.orm.jpa.LocalContainerEntityManagerFactoryBean.afterPropertiesSet(LocalContainerEntityManagerFactoryBean.java:419) ~[spring-orm-7.0.8.jar!/:7.0.8]
springboot-1  | 	at org.springframework.beans.factory.support.AbstractAutowireCapableBeanFactory.invokeInitMethods(AbstractAutowireCapableBeanFactory.java:1862) ~[spring-beans-7.0.8.jar!/:7.0.8]
springboot-1  | 	at org.springframework.beans.factory.support.AbstractAutowireCapableBeanFactory.initializeBean(AbstractAutowireCapableBeanFactory.java:1811) ~[spring-beans-7.0.8.jar!/:7.0.8]
springboot-1  | 	at org.springframework.beans.factory.support.AbstractAutowireCapableBeanFactory.doCreateBean(AbstractAutowireCapableBeanFactory.java:603) ~[spring-beans-7.0.8.jar!/:7.0.8]
springboot-1  | 	at org.springframework.beans.factory.support.AbstractAutowireCapableBeanFactory.createBean(AbstractAutowireCapableBeanFactory.java:525) ~[spring-beans-7.0.8.jar!/:7.0.8]
springboot-1  | 	at org.springframework.beans.factory.support.AbstractBeanFactory.lambda$doGetBean$0(AbstractBeanFactory.java:333) ~[spring-beans-7.0.8.jar!/:7.0.8]
springboot-1  | 	at org.springframework.beans.factory.support.DefaultSingletonBeanRegistry.getSingleton(DefaultSingletonBeanRegistry.java:371) ~[spring-beans-7.0.8.jar!/:7.0.8]
springboot-1  | 	at org.springframework.beans.factory.support.AbstractBeanFactory.doGetBean(AbstractBeanFactory.java:331) ~[spring-beans-7.0.8.jar!/:7.0.8]
springboot-1  | 	at org.springframework.beans.factory.support.AbstractBeanFactory.getBean(AbstractBeanFactory.java:196) ~[spring-beans-7.0.8.jar!/:7.0.8]
springboot-1  | 	at org.springframework.beans.factory.support.BeanDefinitionValueResolver.resolveReference(BeanDefinitionValueResolver.java:365) ~[spring-beans-7.0.8.jar!/:7.0.8]
springboot-1  | 	at org.springframework.beans.factory.support.BeanDefinitionValueResolver.resolveValueIfNecessary(BeanDefinitionValueResolver.java:135) ~[spring-beans-7.0.8.jar!/:7.0.8]
springboot-1  | 	at org.springframework.beans.factory.support.ConstructorResolver.resolveConstructorArguments(ConstructorResolver.java:691) ~[spring-beans-7.0.8.jar!/:7.0.8]
springboot-1  | 	at org.springframework.beans.factory.support.ConstructorResolver.instantiateUsingFactoryMethod(ConstructorResolver.java:513) ~[spring-beans-7.0.8.jar!/:7.0.8]
springboot-1  | 	at org.springframework.beans.factory.support.AbstractAutowireCapableBeanFactory.instantiateUsingFactoryMethod(AbstractAutowireCapableBeanFactory.java:1360) ~[spring-beans-7.0.8.jar!/:7.0.8]
springboot-1  | 	at org.springframework.beans.factory.support.AbstractAutowireCapableBeanFactory.createBeanInstance(AbstractAutowireCapableBeanFactory.java:1192) ~[spring-beans-7.0.8.jar!/:7.0.8]
springboot-1  | 	at org.springframework.beans.factory.support.AbstractAutowireCapableBeanFactory.doCreateBean(AbstractAutowireCapableBeanFactory.java:565) ~[spring-beans-7.0.8.jar!/:7.0.8]
springboot-1  | 	at org.springframework.beans.factory.support.AbstractAutowireCapableBeanFactory.createBean(AbstractAutowireCapableBeanFactory.java:525) ~[spring-beans-7.0.8.jar!/:7.0.8]
springboot-1  | 	at org.springframework.beans.factory.support.AbstractBeanFactory.lambda$doGetBean$0(AbstractBeanFactory.java:333) ~[spring-beans-7.0.8.jar!/:7.0.8]
springboot-1  | 	at org.springframework.beans.factory.support.DefaultSingletonBeanRegistry.getSingleton(DefaultSingletonBeanRegistry.java:371) ~[spring-beans-7.0.8.jar!/:7.0.8]
springboot-1  | 	at org.springframework.beans.factory.support.AbstractBeanFactory.doGetBean(AbstractBeanFactory.java:331) ~[spring-beans-7.0.8.jar!/:7.0.8]
springboot-1  | 	at org.springframework.beans.factory.support.AbstractBeanFactory.getBean(AbstractBeanFactory.java:201) ~[spring-beans-7.0.8.jar!/:7.0.8]
springboot-1  | 	at org.springframework.beans.factory.support.BeanDefinitionValueResolver.resolveReference(BeanDefinitionValueResolver.java:356) ~[spring-beans-7.0.8.jar!/:7.0.8]
springboot-1  | 	at org.springframework.beans.factory.support.BeanDefinitionValueResolver.resolveValueIfNecessary(BeanDefinitionValueResolver.java:135) ~[spring-beans-7.0.8.jar!/:7.0.8]
springboot-1  | 	at org.springframework.beans.factory.support.AbstractAutowireCapableBeanFactory.applyPropertyValues(AbstractAutowireCapableBeanFactory.java:1710) ~[spring-beans-7.0.8.jar!/:7.0.8]
springboot-1  | 	at org.springframework.beans.factory.support.AbstractAutowireCapableBeanFactory.populateBean(AbstractAutowireCapableBeanFactory.java:1459) ~[spring-beans-7.0.8.jar!/:7.0.8]
springboot-1  | 	at org.springframework.beans.factory.support.AbstractAutowireCapableBeanFactory.doCreateBean(AbstractAutowireCapableBeanFactory.java:602) ~[spring-beans-7.0.8.jar!/:7.0.8]
springboot-1  | 	at org.springframework.beans.factory.support.AbstractAutowireCapableBeanFactory.createBean(AbstractAutowireCapableBeanFactory.java:525) ~[spring-beans-7.0.8.jar!/:7.0.8]
springboot-1  | 	at org.springframework.beans.factory.support.AbstractBeanFactory.lambda$doGetBean$0(AbstractBeanFactory.java:333) ~[spring-beans-7.0.8.jar!/:7.0.8]
springboot-1  | 	at org.springframework.beans.factory.support.DefaultSingletonBeanRegistry.getSingleton(DefaultSingletonBeanRegistry.java:371) ~[spring-beans-7.0.8.jar!/:7.0.8]
springboot-1  | 	at org.springframework.beans.factory.support.AbstractBeanFactory.doGetBean(AbstractBeanFactory.java:331) ~[spring-beans-7.0.8.jar!/:7.0.8]
springboot-1  | 	at org.springframework.beans.factory.support.AbstractBeanFactory.getBean(AbstractBeanFactory.java:201) ~[spring-beans-7.0.8.jar!/:7.0.8]
springboot-1  | 	at org.springframework.beans.factory.support.DefaultListableBeanFactory.resolveBean(DefaultListableBeanFactory.java:1232) ~[spring-beans-7.0.8.jar!/:7.0.8]
springboot-1  | 	at org.springframework.beans.factory.support.DefaultListableBeanFactory.doResolveDependency(DefaultListableBeanFactory.java:1711) ~[spring-beans-7.0.8.jar!/:7.0.8]
springboot-1  | 	at org.springframework.beans.factory.support.DefaultListableBeanFactory.resolveDependency(DefaultListableBeanFactory.java:1658) ~[spring-beans-7.0.8.jar!/:7.0.8]
springboot-1  | 	at org.springframework.beans.factory.support.ConstructorResolver.resolveAutowiredArgument(ConstructorResolver.java:912) ~[spring-beans-7.0.8.jar!/:7.0.8]
springboot-1  | 	at org.springframework.beans.factory.support.ConstructorResolver.createArgumentArray(ConstructorResolver.java:791) ~[spring-beans-7.0.8.jar!/:7.0.8]
springboot-1  | 	at org.springframework.beans.factory.support.ConstructorResolver.autowireConstructor(ConstructorResolver.java:240) ~[spring-beans-7.0.8.jar!/:7.0.8]
springboot-1  | 	at org.springframework.beans.factory.support.AbstractAutowireCapableBeanFactory.autowireConstructor(AbstractAutowireCapableBeanFactory.java:1380) ~[spring-beans-7.0.8.jar!/:7.0.8]
springboot-1  | 	at org.springframework.beans.factory.support.AbstractAutowireCapableBeanFactory.createBeanInstance(AbstractAutowireCapableBeanFactory.java:1219) ~[spring-beans-7.0.8.jar!/:7.0.8]
springboot-1  | 	at org.springframework.beans.factory.support.AbstractAutowireCapableBeanFactory.doCreateBean(AbstractAutowireCapableBeanFactory.java:565) ~[spring-beans-7.0.8.jar!/:7.0.8]
springboot-1  | 	at org.springframework.beans.factory.support.AbstractAutowireCapableBeanFactory.createBean(AbstractAutowireCapableBeanFactory.java:525) ~[spring-beans-7.0.8.jar!/:7.0.8]
springboot-1  | 	at org.springframework.beans.factory.support.AbstractBeanFactory.lambda$doGetBean$0(AbstractBeanFactory.java:333) ~[spring-beans-7.0.8.jar!/:7.0.8]
springboot-1  | 	at org.springframework.beans.factory.support.DefaultSingletonBeanRegistry.getSingleton(DefaultSingletonBeanRegistry.java:371) ~[spring-beans-7.0.8.jar!/:7.0.8]
springboot-1  | 	at org.springframework.beans.factory.support.AbstractBeanFactory.doGetBean(AbstractBeanFactory.java:331) ~[spring-beans-7.0.8.jar!/:7.0.8]
springboot-1  | 	at org.springframework.beans.factory.support.AbstractBeanFactory.getBean(AbstractBeanFactory.java:201) ~[spring-beans-7.0.8.jar!/:7.0.8]
springboot-1  | 	at org.springframework.beans.factory.support.DefaultListableBeanFactory.resolveBean(DefaultListableBeanFactory.java:1232) ~[spring-beans-7.0.8.jar!/:7.0.8]
springboot-1  | 	at org.springframework.beans.factory.support.DefaultListableBeanFactory.doResolveDependency(DefaultListableBeanFactory.java:1711) ~[spring-beans-7.0.8.jar!/:7.0.8]
springboot-1  | 	at org.springframework.beans.factory.support.DefaultListableBeanFactory.resolveDependency(DefaultListableBeanFactory.java:1658) ~[spring-beans-7.0.8.jar!/:7.0.8]
springboot-1  | 	at org.springframework.beans.factory.support.ConstructorResolver.resolveAutowiredArgument(ConstructorResolver.java:912) ~[spring-beans-7.0.8.jar!/:7.0.8]
springboot-1  | 	at org.springframework.beans.factory.support.ConstructorResolver.createArgumentArray(ConstructorResolver.java:791) ~[spring-beans-7.0.8.jar!/:7.0.8]
springboot-1  | 	at org.springframework.beans.factory.support.ConstructorResolver.autowireConstructor(ConstructorResolver.java:240) ~[spring-beans-7.0.8.jar!/:7.0.8]
springboot-1  | 	at org.springframework.beans.factory.support.AbstractAutowireCapableBeanFactory.autowireConstructor(AbstractAutowireCapableBeanFactory.java:1380) ~[spring-beans-7.0.8.jar!/:7.0.8]
springboot-1  | 	at org.springframework.beans.factory.support.AbstractAutowireCapableBeanFactory.createBeanInstance(AbstractAutowireCapableBeanFactory.java:1219) ~[spring-beans-7.0.8.jar!/:7.0.8]
springboot-1  | 	at org.springframework.beans.factory.support.AbstractAutowireCapableBeanFactory.doCreateBean(AbstractAutowireCapableBeanFactory.java:565) ~[spring-beans-7.0.8.jar!/:7.0.8]
springboot-1  | 	at org.springframework.beans.factory.support.AbstractAutowireCapableBeanFactory.createBean(AbstractAutowireCapableBeanFactory.java:525) ~[spring-beans-7.0.8.jar!/:7.0.8]
springboot-1  | 	at org.springframework.beans.factory.support.AbstractBeanFactory.lambda$doGetBean$0(AbstractBeanFactory.java:333) ~[spring-beans-7.0.8.jar!/:7.0.8]
springboot-1  | 	at org.springframework.beans.factory.support.DefaultSingletonBeanRegistry.getSingleton(DefaultSingletonBeanRegistry.java:371) ~[spring-beans-7.0.8.jar!/:7.0.8]
springboot-1  | 	at org.springframework.beans.factory.support.AbstractBeanFactory.doGetBean(AbstractBeanFactory.java:331) ~[spring-beans-7.0.8.jar!/:7.0.8]
springboot-1  | 	at org.springframework.beans.factory.support.AbstractBeanFactory.getBean(AbstractBeanFactory.java:201) ~[spring-beans-7.0.8.jar!/:7.0.8]
springboot-1  | 	at org.springframework.boot.web.servlet.ServletContextInitializerBeans.getOrderedBeansOfType(ServletContextInitializerBeans.java:231) ~[spring-boot-4.1.0.jar!/:4.1.0]
springboot-1  | 	at org.springframework.boot.web.servlet.ServletContextInitializerBeans.addAsRegistrationBean(ServletContextInitializerBeans.java:185) ~[spring-boot-4.1.0.jar!/:4.1.0]
springboot-1  | 	at org.springframework.boot.web.servlet.ServletContextInitializerBeans.addAsRegistrationBean(ServletContextInitializerBeans.java:180) ~[spring-boot-4.1.0.jar!/:4.1.0]
springboot-1  | 	at org.springframework.boot.web.servlet.ServletContextInitializerBeans.addAdaptableBeans(ServletContextInitializerBeans.java:165) ~[spring-boot-4.1.0.jar!/:4.1.0]
springboot-1  | 	at org.springframework.boot.web.servlet.ServletContextInitializerBeans.<init>(ServletContextInitializerBeans.java:97) ~[spring-boot-4.1.0.jar!/:4.1.0]
springboot-1  | 	at org.springframework.boot.web.context.servlet.WebApplicationContextInitializer.initialize(WebApplicationContextInitializer.java:53) ~[spring-boot-4.1.0.jar!/:4.1.0]
springboot-1  | 	at org.springframework.boot.tomcat.servlet.DeferredServletContainerInitializers.onStartup(DeferredServletContainerInitializers.java:55) ~[spring-boot-tomcat-4.1.0.jar!/:4.1.0]
springboot-1  | 	at org.apache.catalina.core.StandardContext.startInternal(StandardContext.java:4420) ~[tomcat-embed-core-11.0.22.jar!/:na]
springboot-1  | 	at org.apache.catalina.util.LifecycleBase.start(LifecycleBase.java:164) ~[tomcat-embed-core-11.0.22.jar!/:na]
springboot-1  | 	at org.apache.catalina.core.ContainerBase$StartChild.call(ContainerBase.java:1162) ~[tomcat-embed-core-11.0.22.jar!/:na]
springboot-1  | 	at org.apache.catalina.core.ContainerBase$StartChild.call(ContainerBase.java:1158) ~[tomcat-embed-core-11.0.22.jar!/:na]
springboot-1  | 	at java.base/java.util.concurrent.FutureTask.run(FutureTask.java:317) ~[na:na]
springboot-1  | 	at org.apache.tomcat.util.threads.InlineExecutorService.execute(InlineExecutorService.java:81) ~[tomcat-embed-core-11.0.22.jar!/:na]
springboot-1  | 	at java.base/java.util.concurrent.AbstractExecutorService.submit(AbstractExecutorService.java:145) ~[na:na]
springboot-1  | 	at org.apache.catalina.core.ContainerBase.startInternal(ContainerBase.java:714) ~[tomcat-embed-core-11.0.22.jar!/:na]
springboot-1  | 	at org.apache.catalina.core.StandardHost.startInternal(StandardHost.java:780) ~[tomcat-embed-core-11.0.22.jar!/:na]
springboot-1  | 	at org.apache.catalina.util.LifecycleBase.start(LifecycleBase.java:164) ~[tomcat-embed-core-11.0.22.jar!/:na]
springboot-1  | 	at org.apache.catalina.core.ContainerBase$StartChild.call(ContainerBase.java:1162) ~[tomcat-embed-core-11.0.22.jar!/:na]
springboot-1  | 	at org.apache.catalina.core.ContainerBase$StartChild.call(ContainerBase.java:1158) ~[tomcat-embed-core-11.0.22.jar!/:na]
springboot-1  | 	at java.base/java.util.concurrent.FutureTask.run(FutureTask.java:317) ~[na:na]
springboot-1  | 	at org.apache.tomcat.util.threads.InlineExecutorService.execute(InlineExecutorService.java:81) ~[tomcat-embed-core-11.0.22.jar!/:na]
springboot-1  | 	at java.base/java.util.concurrent.AbstractExecutorService.submit(AbstractExecutorService.java:145) ~[na:na]
springboot-1  | 	at org.apache.catalina.core.ContainerBase.startInternal(ContainerBase.java:714) ~[tomcat-embed-core-11.0.22.jar!/:na]
springboot-1  | 	at org.apache.catalina.core.StandardEngine.startInternal(StandardEngine.java:201) ~[tomcat-embed-core-11.0.22.jar!/:na]
springboot-1  | 	at org.apache.catalina.util.LifecycleBase.start(LifecycleBase.java:164) ~[tomcat-embed-core-11.0.22.jar!/:na]
springboot-1  | 	at org.apache.catalina.core.StandardService.startInternal(StandardService.java:410) ~[tomcat-embed-core-11.0.22.jar!/:na]
springboot-1  | 	at org.apache.catalina.util.LifecycleBase.start(LifecycleBase.java:164) ~[tomcat-embed-core-11.0.22.jar!/:na]
springboot-1  | 	at org.apache.catalina.core.StandardServer.startInternal(StandardServer.java:864) ~[tomcat-embed-core-11.0.22.jar!/:na]
springboot-1  | 	at org.apache.catalina.util.LifecycleBase.start(LifecycleBase.java:164) ~[tomcat-embed-core-11.0.22.jar!/:na]
springboot-1  | 	at org.apache.catalina.startup.Tomcat.start(Tomcat.java:435) ~[tomcat-embed-core-11.0.22.jar!/:na]
springboot-1  | 	at org.springframework.boot.tomcat.TomcatWebServer.initialize(TomcatWebServer.java:131) ~[spring-boot-tomcat-4.1.0.jar!/:4.1.0]
springboot-1  | 	at org.springframework.boot.tomcat.TomcatWebServer.<init>(TomcatWebServer.java:110) ~[spring-boot-tomcat-4.1.0.jar!/:4.1.0]
springboot-1  | 	at org.springframework.boot.tomcat.servlet.TomcatServletWebServerFactory.getTomcatWebServer(TomcatServletWebServerFactory.java:429) ~[spring-boot-tomcat-4.1.0.jar!/:4.1.0]
springboot-1  | 	at org.springframework.boot.tomcat.servlet.TomcatServletWebServerFactory.getWebServer(TomcatServletWebServerFactory.java:167) ~[spring-boot-tomcat-4.1.0.jar!/:4.1.0]
springboot-1  | 	at org.springframework.boot.web.server.servlet.context.ServletWebServerApplicationContext.createWebServer(ServletWebServerApplicationContext.java:190) ~[spring-boot-web-server-4.1.0.jar!/:4.1.0]
springboot-1  | 	at org.springframework.boot.web.server.servlet.context.ServletWebServerApplicationContext.onRefresh(ServletWebServerApplicationContext.java:164) ~[spring-boot-web-server-4.1.0.jar!/:4.1.0]
springboot-1  | 	at org.springframework.context.support.AbstractApplicationContext.refresh(AbstractApplicationContext.java:615) ~[spring-context-7.0.8.jar!/:7.0.8]
springboot-1  | 	at org.springframework.boot.web.server.servlet.context.ServletWebServerApplicationContext.refresh(ServletWebServerApplicationContext.java:143) ~[spring-boot-web-server-4.1.0.jar!/:4.1.0]
springboot-1  | 	at org.springframework.boot.SpringApplication.refresh(SpringApplication.java:756) ~[spring-boot-4.1.0.jar!/:4.1.0]
springboot-1  | 	at org.springframework.boot.SpringApplication.refreshContext(SpringApplication.java:445) ~[spring-boot-4.1.0.jar!/:4.1.0]
springboot-1  | 	at org.springframework.boot.SpringApplication.run(SpringApplication.java:321) ~[spring-boot-4.1.0.jar!/:4.1.0]
springboot-1  | 	at org.springframework.boot.SpringApplication.run(SpringApplication.java:1365) ~[spring-boot-4.1.0.jar!/:4.1.0]
springboot-1  | 	at org.springframework.boot.SpringApplication.run(SpringApplication.java:1354) ~[spring-boot-4.1.0.jar!/:4.1.0]
springboot-1  | 	at com.achintya.expensemanager.ExpensemanagerApplication.main(ExpensemanagerApplication.java:10) ~[!/:0.0.1-SNAPSHOT]
springboot-1  | 	at java.base/jdk.internal.reflect.DirectMethodHandleAccessor.invoke(DirectMethodHandleAccessor.java:103) ~[na:na]
springboot-1  | 	at java.base/java.lang.reflect.Method.invoke(Method.java:580) ~[na:na]
springboot-1  | 	at org.springframework.boot.loader.launch.Launcher.launch(Launcher.java:106) ~[app.jar:0.0.1-SNAPSHOT]
springboot-1  | 	at org.springframework.boot.loader.launch.Launcher.launch(Launcher.java:64) ~[app.jar:0.0.1-SNAPSHOT]
springboot-1  | 	at org.springframework.boot.loader.launch.JarLauncher.main(JarLauncher.java:40) ~[app.jar:0.0.1-SNAPSHOT]
springboot-1  | Caused by: com.mysql.cj.jdbc.exceptions.CommunicationsException: Communications link failure
springboot-1  | 
springboot-1  | The last packet sent successfully to the server was 0 milliseconds ago. The driver has not received any packets from the server.
springboot-1  | 	at com.mysql.cj.jdbc.exceptions.SQLError.createCommunicationsException(SQLError.java:165) ~[mysql-connector-j-9.7.0.jar!/:9.7.0]
springboot-1  | 	at com.mysql.cj.jdbc.exceptions.SQLExceptionsMapping.translateException(SQLExceptionsMapping.java:55) ~[mysql-connector-j-9.7.0.jar!/:9.7.0]
springboot-1  | 	at com.mysql.cj.jdbc.ConnectionImpl.createNewIO(ConnectionImpl.java:840) ~[mysql-connector-j-9.7.0.jar!/:9.7.0]
springboot-1  | 	at com.mysql.cj.jdbc.ConnectionImpl.<init>(ConnectionImpl.java:416) ~[mysql-connector-j-9.7.0.jar!/:9.7.0]
springboot-1  | 	at com.mysql.cj.jdbc.ConnectionImpl.getInstance(ConnectionImpl.java:237) ~[mysql-connector-j-9.7.0.jar!/:9.7.0]
springboot-1  | 	at com.mysql.cj.jdbc.NonRegisteringDriver.connect(NonRegisteringDriver.java:180) ~[mysql-connector-j-9.7.0.jar!/:9.7.0]
springboot-1  | 	at com.zaxxer.hikari.util.DriverDataSource.getConnection(DriverDataSource.java:144) ~[HikariCP-7.0.2.jar!/:na]
springboot-1  | 	at com.zaxxer.hikari.pool.PoolBase.newConnection(PoolBase.java:373) ~[HikariCP-7.0.2.jar!/:na]
springboot-1  | 	at com.zaxxer.hikari.pool.PoolBase.newPoolEntry(PoolBase.java:210) ~[HikariCP-7.0.2.jar!/:na]
springboot-1  | 	at com.zaxxer.hikari.pool.HikariPool.createPoolEntry(HikariPool.java:488) ~[HikariCP-7.0.2.jar!/:na]
springboot-1  | 	at com.zaxxer.hikari.pool.HikariPool.checkFailFast(HikariPool.java:576) ~[HikariCP-7.0.2.jar!/:na]
springboot-1  | 	at com.zaxxer.hikari.pool.HikariPool.<init>(HikariPool.java:97) ~[HikariCP-7.0.2.jar!/:na]
springboot-1  | 	at com.zaxxer.hikari.HikariDataSource.getConnection(HikariDataSource.java:111) ~[HikariCP-7.0.2.jar!/:na]
springboot-1  | 	at org.hibernate.engine.jdbc.connections.internal.DataSourceConnectionProvider.getConnection(DataSourceConnectionProvider.java:149) ~[hibernate-core-7.4.1.Final.jar!/:7.4.1.Final]
springboot-1  | 	at org.hibernate.engine.jdbc.env.internal.JdbcEnvironmentInitiator$ConnectionProviderJdbcConnectionAccess.obtainConnection(JdbcEnvironmentInitiator.java:508) ~[hibernate-core-7.4.1.Final.jar!/:7.4.1.Final]
springboot-1  | 	at org.hibernate.resource.transaction.backend.jdbc.internal.JdbcIsolationDelegate.delegateWork(JdbcIsolationDelegate.java:48) ~[hibernate-core-7.4.1.Final.jar!/:7.4.1.Final]
springboot-1  | 	... 127 common frames omitted
springboot-1  | Caused by: com.mysql.cj.exceptions.CJCommunicationsException: Communications link failure
springboot-1  | 
springboot-1  | The last packet sent successfully to the server was 0 milliseconds ago. The driver has not received any packets from the server.
springboot-1  | 	at java.base/jdk.internal.reflect.DirectConstructorHandleAccessor.newInstance(DirectConstructorHandleAccessor.java:62) ~[na:na]
springboot-1  | 	at java.base/java.lang.reflect.Constructor.newInstanceWithCaller(Constructor.java:502) ~[na:na]
springboot-1  | 	at java.base/java.lang.reflect.Constructor.newInstance(Constructor.java:486) ~[na:na]
springboot-1  | 	at com.mysql.cj.exceptions.ExceptionFactory.createException(ExceptionFactory.java:52) ~[mysql-connector-j-9.7.0.jar!/:9.7.0]
springboot-1  | 	at com.mysql.cj.exceptions.ExceptionFactory.createException(ExceptionFactory.java:95) ~[mysql-connector-j-9.7.0.jar!/:9.7.0]
springboot-1  | 	at com.mysql.cj.exceptions.ExceptionFactory.createException(ExceptionFactory.java:140) ~[mysql-connector-j-9.7.0.jar!/:9.7.0]
springboot-1  | 	at com.mysql.cj.exceptions.ExceptionFactory.createCommunicationsException(ExceptionFactory.java:156) ~[mysql-connector-j-9.7.0.jar!/:9.7.0]
springboot-1  | 	at com.mysql.cj.protocol.a.NativeSocketConnection.connect(NativeSocketConnection.java:79) ~[mysql-connector-j-9.7.0.jar!/:9.7.0]
springboot-1  | 	at com.mysql.cj.NativeSession.connect(NativeSession.java:142) ~[mysql-connector-j-9.7.0.jar!/:9.7.0]
springboot-1  | 	at com.mysql.cj.jdbc.ConnectionImpl.connectOneTryOnly(ConnectionImpl.java:964) ~[mysql-connector-j-9.7.0.jar!/:9.7.0]
springboot-1  | 	at com.mysql.cj.jdbc.ConnectionImpl.createNewIO(ConnectionImpl.java:828) ~[mysql-connector-j-9.7.0.jar!/:9.7.0]
springboot-1  | 	... 140 common frames omitted
springboot-1  | Caused by: java.net.ConnectException: Connection refused
springboot-1  | 	at java.base/sun.nio.ch.Net.pollConnect(Native Method) ~[na:na]
springboot-1  | 	at java.base/sun.nio.ch.Net.pollConnectNow(Net.java:694) ~[na:na]
springboot-1  | 	at java.base/sun.nio.ch.NioSocketImpl.timedFinishConnect(NioSocketImpl.java:542) ~[na:na]
springboot-1  | 	at java.base/sun.nio.ch.NioSocketImpl.connect(NioSocketImpl.java:592) ~[na:na]
springboot-1  | 	at java.base/java.net.SocksSocketImpl.connect(SocksSocketImpl.java:327) ~[na:na]
springboot-1  | 	at java.base/java.net.Socket.connect(Socket.java:751) ~[na:na]
springboot-1  | 	at com.mysql.cj.protocol.StandardSocketFactory.connect(StandardSocketFactory.java:144) ~[mysql-connector-j-9.7.0.jar!/:9.7.0]
springboot-1  | 	at com.mysql.cj.protocol.a.NativeSocketConnection.connect(NativeSocketConnection.java:53) ~[mysql-connector-j-9.7.0.jar!/:9.7.0]
springboot-1  | 	... 143 common frames omitted
springboot-1  | 
springboot-1  | 2026-08-11T18:19:05.224Z ERROR 1 --- [expensemanager] [           main] j.LocalContainerEntityManagerFactoryBean : Failed to initialize JPA EntityManagerFactory: Unable to create requested service [org.hibernate.engine.jdbc.env.spi.JdbcEnvironment] due to: Unable to determine Dialect without JDBC metadata (please set 'jakarta.persistence.jdbc.url' for common cases or 'hibernate.dialect' when a custom Dialect implementation must be provided)
springboot-1  | 2026-08-11T18:19:05.224Z ERROR 1 --- [expensemanager] [           main] t.s.DeferredServletContainerInitializers : Error starting Tomcat context. Exception: org.springframework.beans.factory.UnsatisfiedDependencyException. Message: Error creating bean with name 'jwtAuthenticationFilter' defined in URL [jar:nested:/app.jar/!BOOT-INF/classes/!/com/achintya/expensemanager/config/JwtAuthenticationFilter.class]: Unsatisfied dependency expressed through constructor parameter 0: Error creating bean with name 'customUserDetailsService' defined in URL [jar:nested:/app.jar/!BOOT-INF/classes/!/com/achintya/expensemanager/service/CustomUserDetailsService.class]: Unsatisfied dependency expressed through constructor parameter 0: Error creating bean with name 'userRepository' defined in com.achintya.expensemanager.repository.UserRepository defined in @EnableJpaRepositories declared on DataJpaRepositoriesRegistrar.EnableJpaRepositoriesConfiguration: Cannot resolve reference to bean 'jpaSharedEM_entityManagerFactory' while setting bean property 'entityManager'
springboot-1  | 2026-08-11T18:19:05.238Z  INFO 1 --- [expensemanager] [           main] o.apache.catalina.core.StandardService   : Stopping service [Tomcat]
springboot-1  | 2026-08-11T18:19:05.243Z  WARN 1 --- [expensemanager] [           main] ConfigServletWebServerApplicationContext : Exception encountered during context initialization - cancelling refresh attempt: org.springframework.context.ApplicationContextException: Unable to start web server
springboot-1  | 2026-08-11T18:19:05.247Z  INFO 1 --- [expensemanager] [           main] .s.b.a.l.ConditionEvaluationReportLogger : 
springboot-1  | 
springboot-1  | Error starting ApplicationContext. To display the condition evaluation report re-run your application with 'debug' enabled.
springboot-1  | 2026-08-11T18:19:05.255Z ERROR 1 --- [expensemanager] [           main] o.s.boot.SpringApplication               : Application run failed
springboot-1  | 
springboot-1  | org.springframework.context.ApplicationContextException: Unable to start web server
springboot-1  | 	at org.springframework.boot.web.server.servlet.context.ServletWebServerApplicationContext.onRefresh(ServletWebServerApplicationContext.java:167) ~[spring-boot-web-server-4.1.0.jar!/:4.1.0]
springboot-1  | 	at org.springframework.context.support.AbstractApplicationContext.refresh(AbstractApplicationContext.java:615) ~[spring-context-7.0.8.jar!/:7.0.8]
springboot-1  | 	at org.springframework.boot.web.server.servlet.context.ServletWebServerApplicationContext.refresh(ServletWebServerApplicationContext.java:143) ~[spring-boot-web-server-4.1.0.jar!/:4.1.0]
springboot-1  | 	at org.springframework.boot.SpringApplication.refresh(SpringApplication.java:756) ~[spring-boot-4.1.0.jar!/:4.1.0]
springboot-1  | 	at org.springframework.boot.SpringApplication.refreshContext(SpringApplication.java:445) ~[spring-boot-4.1.0.jar!/:4.1.0]
springboot-1  | 	at org.springframework.boot.SpringApplication.run(SpringApplication.java:321) ~[spring-boot-4.1.0.jar!/:4.1.0]
springboot-1  | 	at org.springframework.boot.SpringApplication.run(SpringApplication.java:1365) ~[spring-boot-4.1.0.jar!/:4.1.0]
springboot-1  | 	at org.springframework.boot.SpringApplication.run(SpringApplication.java:1354) ~[spring-boot-4.1.0.jar!/:4.1.0]
springboot-1  | 	at com.achintya.expensemanager.ExpensemanagerApplication.main(ExpensemanagerApplication.java:10) ~[!/:0.0.1-SNAPSHOT]
springboot-1  | 	at java.base/jdk.internal.reflect.DirectMethodHandleAccessor.invoke(DirectMethodHandleAccessor.java:103) ~[na:na]
springboot-1  | 	at java.base/java.lang.reflect.Method.invoke(Method.java:580) ~[na:na]
springboot-1  | 	at org.springframework.boot.loader.launch.Launcher.launch(Launcher.java:106) ~[app.jar:0.0.1-SNAPSHOT]
springboot-1  | 	at org.springframework.boot.loader.launch.Launcher.launch(Launcher.java:64) ~[app.jar:0.0.1-SNAPSHOT]
springboot-1  | 	at org.springframework.boot.loader.launch.JarLauncher.main(JarLauncher.java:40) ~[app.jar:0.0.1-SNAPSHOT]
springboot-1  | Caused by: org.springframework.boot.web.server.WebServerException: Unable to start embedded Tomcat
springboot-1  | 	at org.springframework.boot.tomcat.TomcatWebServer.initialize(TomcatWebServer.java:150) ~[spring-boot-tomcat-4.1.0.jar!/:4.1.0]
springboot-1  | 	at org.springframework.boot.tomcat.TomcatWebServer.<init>(TomcatWebServer.java:110) ~[spring-boot-tomcat-4.1.0.jar!/:4.1.0]
springboot-1  | 	at org.springframework.boot.tomcat.servlet.TomcatServletWebServerFactory.getTomcatWebServer(TomcatServletWebServerFactory.java:429) ~[spring-boot-tomcat-4.1.0.jar!/:4.1.0]
springboot-1  | 	at org.springframework.boot.tomcat.servlet.TomcatServletWebServerFactory.getWebServer(TomcatServletWebServerFactory.java:167) ~[spring-boot-tomcat-4.1.0.jar!/:4.1.0]
springboot-1  | 	at org.springframework.boot.web.server.servlet.context.ServletWebServerApplicationContext.createWebServer(ServletWebServerApplicationContext.java:190) ~[spring-boot-web-server-4.1.0.jar!/:4.1.0]
springboot-1  | 	at org.springframework.boot.web.server.servlet.context.ServletWebServerApplicationContext.onRefresh(ServletWebServerApplicationContext.java:164) ~[spring-boot-web-server-4.1.0.jar!/:4.1.0]
springboot-1  | 	... 13 common frames omitted
springboot-1  | Caused by: org.springframework.beans.factory.UnsatisfiedDependencyException: Error creating bean with name 'jwtAuthenticationFilter' defined in URL [jar:nested:/app.jar/!BOOT-INF/classes/!/com/achintya/expensemanager/config/JwtAuthenticationFilter.class]: Unsatisfied dependency expressed through constructor parameter 0: Error creating bean with name 'customUserDetailsService' defined in URL [jar:nested:/app.jar/!BOOT-INF/classes/!/com/achintya/expensemanager/service/CustomUserDetailsService.class]: Unsatisfied dependency expressed through constructor parameter 0: Error creating bean with name 'userRepository' defined in com.achintya.expensemanager.repository.UserRepository defined in @EnableJpaRepositories declared on DataJpaRepositoriesRegistrar.EnableJpaRepositoriesConfiguration: Cannot resolve reference to bean 'jpaSharedEM_entityManagerFactory' while setting bean property 'entityManager'
springboot-1  | 	at org.springframework.beans.factory.support.ConstructorResolver.createArgumentArray(ConstructorResolver.java:804) ~[spring-beans-7.0.8.jar!/:7.0.8]
springboot-1  | 	at org.springframework.beans.factory.support.ConstructorResolver.autowireConstructor(ConstructorResolver.java:240) ~[spring-beans-7.0.8.jar!/:7.0.8]
springboot-1  | 	at org.springframework.beans.factory.support.AbstractAutowireCapableBeanFactory.autowireConstructor(AbstractAutowireCapableBeanFactory.java:1380) ~[spring-beans-7.0.8.jar!/:7.0.8]
springboot-1  | 	at org.springframework.beans.factory.support.AbstractAutowireCapableBeanFactory.createBeanInstance(AbstractAutowireCapableBeanFactory.java:1219) ~[spring-beans-7.0.8.jar!/:7.0.8]
springboot-1  | 	at org.springframework.beans.factory.support.AbstractAutowireCapableBeanFactory.doCreateBean(AbstractAutowireCapableBeanFactory.java:565) ~[spring-beans-7.0.8.jar!/:7.0.8]
springboot-1  | 	at org.springframework.beans.factory.support.AbstractAutowireCapableBeanFactory.createBean(AbstractAutowireCapableBeanFactory.java:525) ~[spring-beans-7.0.8.jar!/:7.0.8]
springboot-1  | 	at org.springframework.beans.factory.support.AbstractBeanFactory.lambda$doGetBean$0(AbstractBeanFactory.java:333) ~[spring-beans-7.0.8.jar!/:7.0.8]
springboot-1  | 	at org.springframework.beans.factory.support.DefaultSingletonBeanRegistry.getSingleton(DefaultSingletonBeanRegistry.java:371) ~[spring-beans-7.0.8.jar!/:7.0.8]
springboot-1  | 	at org.springframework.beans.factory.support.AbstractBeanFactory.doGetBean(AbstractBeanFactory.java:331) ~[spring-beans-7.0.8.jar!/:7.0.8]
springboot-1  | 	at org.springframework.beans.factory.support.AbstractBeanFactory.getBean(AbstractBeanFactory.java:201) ~[spring-beans-7.0.8.jar!/:7.0.8]
springboot-1  | 	at org.springframework.boot.web.servlet.ServletContextInitializerBeans.getOrderedBeansOfType(ServletContextInitializerBeans.java:231) ~[spring-boot-4.1.0.jar!/:4.1.0]
springboot-1  | 	at org.springframework.boot.web.servlet.ServletContextInitializerBeans.addAsRegistrationBean(ServletContextInitializerBeans.java:185) ~[spring-boot-4.1.0.jar!/:4.1.0]
springboot-1  | 	at org.springframework.boot.web.servlet.ServletContextInitializerBeans.addAsRegistrationBean(ServletContextInitializerBeans.java:180) ~[spring-boot-4.1.0.jar!/:4.1.0]
springboot-1  | 	at org.springframework.boot.web.servlet.ServletContextInitializerBeans.addAdaptableBeans(ServletContextInitializerBeans.java:165) ~[spring-boot-4.1.0.jar!/:4.1.0]
springboot-1  | 	at org.springframework.boot.web.servlet.ServletContextInitializerBeans.<init>(ServletContextInitializerBeans.java:97) ~[spring-boot-4.1.0.jar!/:4.1.0]
springboot-1  | 	at org.springframework.boot.web.context.servlet.WebApplicationContextInitializer.initialize(WebApplicationContextInitializer.java:53) ~[spring-boot-4.1.0.jar!/:4.1.0]
springboot-1  | 	at org.springframework.boot.tomcat.servlet.DeferredServletContainerInitializers.onStartup(DeferredServletContainerInitializers.java:55) ~[spring-boot-tomcat-4.1.0.jar!/:4.1.0]
springboot-1  | 	at org.apache.catalina.core.StandardContext.startInternal(StandardContext.java:4420) ~[tomcat-embed-core-11.0.22.jar!/:na]
springboot-1  | 	at org.apache.catalina.util.LifecycleBase.start(LifecycleBase.java:164) ~[tomcat-embed-core-11.0.22.jar!/:na]
springboot-1  | 	at org.apache.catalina.core.ContainerBase$StartChild.call(ContainerBase.java:1162) ~[tomcat-embed-core-11.0.22.jar!/:na]
springboot-1  | 	at org.apache.catalina.core.ContainerBase$StartChild.call(ContainerBase.java:1158) ~[tomcat-embed-core-11.0.22.jar!/:na]
springboot-1  | 	at java.base/java.util.concurrent.FutureTask.run(FutureTask.java:317) ~[na:na]
springboot-1  | 	at org.apache.tomcat.util.threads.InlineExecutorService.execute(InlineExecutorService.java:81) ~[tomcat-embed-core-11.0.22.jar!/:na]
springboot-1  | 	at java.base/java.util.concurrent.AbstractExecutorService.submit(AbstractExecutorService.java:145) ~[na:na]
springboot-1  | 	at org.apache.catalina.core.ContainerBase.startInternal(ContainerBase.java:714) ~[tomcat-embed-core-11.0.22.jar!/:na]
springboot-1  | 	at org.apache.catalina.core.StandardHost.startInternal(StandardHost.java:780) ~[tomcat-embed-core-11.0.22.jar!/:na]
springboot-1  | 	at org.apache.catalina.util.LifecycleBase.start(LifecycleBase.java:164) ~[tomcat-embed-core-11.0.22.jar!/:na]
springboot-1  | 	at org.apache.catalina.core.ContainerBase$StartChild.call(ContainerBase.java:1162) ~[tomcat-embed-core-11.0.22.jar!/:na]
springboot-1  | 	at org.apache.catalina.core.ContainerBase$StartChild.call(ContainerBase.java:1158) ~[tomcat-embed-core-11.0.22.jar!/:na]
springboot-1  | 	at java.base/java.util.concurrent.FutureTask.run(FutureTask.java:317) ~[na:na]
springboot-1  | 	at org.apache.tomcat.util.threads.InlineExecutorService.execute(InlineExecutorService.java:81) ~[tomcat-embed-core-11.0.22.jar!/:na]
springboot-1  | 	at java.base/java.util.concurrent.AbstractExecutorService.submit(AbstractExecutorService.java:145) ~[na:na]
springboot-1  | 	at org.apache.catalina.core.ContainerBase.startInternal(ContainerBase.java:714) ~[tomcat-embed-core-11.0.22.jar!/:na]
springboot-1  | 	at org.apache.catalina.core.StandardEngine.startInternal(StandardEngine.java:201) ~[tomcat-embed-core-11.0.22.jar!/:na]
springboot-1  | 	at org.apache.catalina.util.LifecycleBase.start(LifecycleBase.java:164) ~[tomcat-embed-core-11.0.22.jar!/:na]
springboot-1  | 	at org.apache.catalina.core.StandardService.startInternal(StandardService.java:410) ~[tomcat-embed-core-11.0.22.jar!/:na]
springboot-1  | 	at org.apache.catalina.util.LifecycleBase.start(LifecycleBase.java:164) ~[tomcat-embed-core-11.0.22.jar!/:na]
springboot-1  | 	at org.apache.catalina.core.StandardServer.startInternal(StandardServer.java:864) ~[tomcat-embed-core-11.0.22.jar!/:na]
springboot-1  | 	at org.apache.catalina.util.LifecycleBase.start(LifecycleBase.java:164) ~[tomcat-embed-core-11.0.22.jar!/:na]
springboot-1  | 	at org.apache.catalina.startup.Tomcat.start(Tomcat.java:435) ~[tomcat-embed-core-11.0.22.jar!/:na]
springboot-1  | 	at org.springframework.boot.tomcat.TomcatWebServer.initialize(TomcatWebServer.java:131) ~[spring-boot-tomcat-4.1.0.jar!/:4.1.0]
springboot-1  | 	... 18 common frames omitted
springboot-1  | Caused by: org.springframework.beans.factory.UnsatisfiedDependencyException: Error creating bean with name 'customUserDetailsService' defined in URL [jar:nested:/app.jar/!BOOT-INF/classes/!/com/achintya/expensemanager/service/CustomUserDetailsService.class]: Unsatisfied dependency expressed through constructor parameter 0: Error creating bean with name 'userRepository' defined in com.achintya.expensemanager.repository.UserRepository defined in @EnableJpaRepositories declared on DataJpaRepositoriesRegistrar.EnableJpaRepositoriesConfiguration: Cannot resolve reference to bean 'jpaSharedEM_entityManagerFactory' while setting bean property 'entityManager'
springboot-1  | 	at org.springframework.beans.factory.support.ConstructorResolver.createArgumentArray(ConstructorResolver.java:804) ~[spring-beans-7.0.8.jar!/:7.0.8]
springboot-1  | 	at org.springframework.beans.factory.support.ConstructorResolver.autowireConstructor(ConstructorResolver.java:240) ~[spring-beans-7.0.8.jar!/:7.0.8]
springboot-1  | 	at org.springframework.beans.factory.support.AbstractAutowireCapableBeanFactory.autowireConstructor(AbstractAutowireCapableBeanFactory.java:1380) ~[spring-beans-7.0.8.jar!/:7.0.8]
springboot-1  | 	at org.springframework.beans.factory.support.AbstractAutowireCapableBeanFactory.createBeanInstance(AbstractAutowireCapableBeanFactory.java:1219) ~[spring-beans-7.0.8.jar!/:7.0.8]
springboot-1  | 	at org.springframework.beans.factory.support.AbstractAutowireCapableBeanFactory.doCreateBean(AbstractAutowireCapableBeanFactory.java:565) ~[spring-beans-7.0.8.jar!/:7.0.8]
springboot-1  | 	at org.springframework.beans.factory.support.AbstractAutowireCapableBeanFactory.createBean(AbstractAutowireCapableBeanFactory.java:525) ~[spring-beans-7.0.8.jar!/:7.0.8]
springboot-1  | 	at org.springframework.beans.factory.support.AbstractBeanFactory.lambda$doGetBean$0(AbstractBeanFactory.java:333) ~[spring-beans-7.0.8.jar!/:7.0.8]
springboot-1  | 	at org.springframework.beans.factory.support.DefaultSingletonBeanRegistry.getSingleton(DefaultSingletonBeanRegistry.java:371) ~[spring-beans-7.0.8.jar!/:7.0.8]
springboot-1  | 	at org.springframework.beans.factory.support.AbstractBeanFactory.doGetBean(AbstractBeanFactory.java:331) ~[spring-beans-7.0.8.jar!/:7.0.8]
springboot-1  | 	at org.springframework.beans.factory.support.AbstractBeanFactory.getBean(AbstractBeanFactory.java:201) ~[spring-beans-7.0.8.jar!/:7.0.8]
springboot-1  | 	at org.springframework.beans.factory.support.DefaultListableBeanFactory.resolveBean(DefaultListableBeanFactory.java:1232) ~[spring-beans-7.0.8.jar!/:7.0.8]
springboot-1  | 	at org.springframework.beans.factory.support.DefaultListableBeanFactory.doResolveDependency(DefaultListableBeanFactory.java:1711) ~[spring-beans-7.0.8.jar!/:7.0.8]
springboot-1  | 	at org.springframework.beans.factory.support.DefaultListableBeanFactory.resolveDependency(DefaultListableBeanFactory.java:1658) ~[spring-beans-7.0.8.jar!/:7.0.8]
springboot-1  | 	at org.springframework.beans.factory.support.ConstructorResolver.resolveAutowiredArgument(ConstructorResolver.java:912) ~[spring-beans-7.0.8.jar!/:7.0.8]
springboot-1  | 	at org.springframework.beans.factory.support.ConstructorResolver.createArgumentArray(ConstructorResolver.java:791) ~[spring-beans-7.0.8.jar!/:7.0.8]
springboot-1  | 	... 58 common frames omitted
springboot-1  | Caused by: org.springframework.beans.factory.BeanCreationException: Error creating bean with name 'userRepository' defined in com.achintya.expensemanager.repository.UserRepository defined in @EnableJpaRepositories declared on DataJpaRepositoriesRegistrar.EnableJpaRepositoriesConfiguration: Cannot resolve reference to bean 'jpaSharedEM_entityManagerFactory' while setting bean property 'entityManager'
springboot-1  | 	at org.springframework.beans.factory.support.BeanDefinitionValueResolver.resolveReference(BeanDefinitionValueResolver.java:377) ~[spring-beans-7.0.8.jar!/:7.0.8]
springboot-1  | 	at org.springframework.beans.factory.support.BeanDefinitionValueResolver.resolveValueIfNecessary(BeanDefinitionValueResolver.java:135) ~[spring-beans-7.0.8.jar!/:7.0.8]
springboot-1  | 	at org.springframework.beans.factory.support.AbstractAutowireCapableBeanFactory.applyPropertyValues(AbstractAutowireCapableBeanFactory.java:1710) ~[spring-beans-7.0.8.jar!/:7.0.8]
springboot-1  | 	at org.springframework.beans.factory.support.AbstractAutowireCapableBeanFactory.populateBean(AbstractAutowireCapableBeanFactory.java:1459) ~[spring-beans-7.0.8.jar!/:7.0.8]
springboot-1  | 	at org.springframework.beans.factory.support.AbstractAutowireCapableBeanFactory.doCreateBean(AbstractAutowireCapableBeanFactory.java:602) ~[spring-beans-7.0.8.jar!/:7.0.8]
springboot-1  | 	at org.springframework.beans.factory.support.AbstractAutowireCapableBeanFactory.createBean(AbstractAutowireCapableBeanFactory.java:525) ~[spring-beans-7.0.8.jar!/:7.0.8]
springboot-1  | 	at org.springframework.beans.factory.support.AbstractBeanFactory.lambda$doGetBean$0(AbstractBeanFactory.java:333) ~[spring-beans-7.0.8.jar!/:7.0.8]
springboot-1  | 	at org.springframework.beans.factory.support.DefaultSingletonBeanRegistry.getSingleton(DefaultSingletonBeanRegistry.java:371) ~[spring-beans-7.0.8.jar!/:7.0.8]
springboot-1  | 	at org.springframework.beans.factory.support.AbstractBeanFactory.doGetBean(AbstractBeanFactory.java:331) ~[spring-beans-7.0.8.jar!/:7.0.8]
springboot-1  | 	at org.springframework.beans.factory.support.AbstractBeanFactory.getBean(AbstractBeanFactory.java:201) ~[spring-beans-7.0.8.jar!/:7.0.8]
springboot-1  | 	at org.springframework.beans.factory.support.DefaultListableBeanFactory.resolveBean(DefaultListableBeanFactory.java:1232) ~[spring-beans-7.0.8.jar!/:7.0.8]
springboot-1  | 	at org.springframework.beans.factory.support.DefaultListableBeanFactory.doResolveDependency(DefaultListableBeanFactory.java:1711) ~[spring-beans-7.0.8.jar!/:7.0.8]
springboot-1  | 	at org.springframework.beans.factory.support.DefaultListableBeanFactory.resolveDependency(DefaultListableBeanFactory.java:1658) ~[spring-beans-7.0.8.jar!/:7.0.8]
springboot-1  | 	at org.springframework.beans.factory.support.ConstructorResolver.resolveAutowiredArgument(ConstructorResolver.java:912) ~[spring-beans-7.0.8.jar!/:7.0.8]
springboot-1  | 	at org.springframework.beans.factory.support.ConstructorResolver.createArgumentArray(ConstructorResolver.java:791) ~[spring-beans-7.0.8.jar!/:7.0.8]
springboot-1  | 	... 72 common frames omitted
springboot-1  | Caused by: org.springframework.beans.factory.BeanCreationException: Error creating bean with name 'jpaSharedEM_entityManagerFactory': Cannot resolve reference to bean 'entityManagerFactory' while setting constructor argument
springboot-1  | 	at org.springframework.beans.factory.support.BeanDefinitionValueResolver.resolveReference(BeanDefinitionValueResolver.java:377) ~[spring-beans-7.0.8.jar!/:7.0.8]
springboot-1  | 	at org.springframework.beans.factory.support.BeanDefinitionValueResolver.resolveValueIfNecessary(BeanDefinitionValueResolver.java:135) ~[spring-beans-7.0.8.jar!/:7.0.8]
springboot-1  | 	at org.springframework.beans.factory.support.ConstructorResolver.resolveConstructorArguments(ConstructorResolver.java:691) ~[spring-beans-7.0.8.jar!/:7.0.8]
springboot-1  | 	at org.springframework.beans.factory.support.ConstructorResolver.instantiateUsingFactoryMethod(ConstructorResolver.java:513) ~[spring-beans-7.0.8.jar!/:7.0.8]
springboot-1  | 	at org.springframework.beans.factory.support.AbstractAutowireCapableBeanFactory.instantiateUsingFactoryMethod(AbstractAutowireCapableBeanFactory.java:1360) ~[spring-beans-7.0.8.jar!/:7.0.8]
springboot-1  | 	at org.springframework.beans.factory.support.AbstractAutowireCapableBeanFactory.createBeanInstance(AbstractAutowireCapableBeanFactory.java:1192) ~[spring-beans-7.0.8.jar!/:7.0.8]
springboot-1  | 	at org.springframework.beans.factory.support.AbstractAutowireCapableBeanFactory.doCreateBean(AbstractAutowireCapableBeanFactory.java:565) ~[spring-beans-7.0.8.jar!/:7.0.8]
springboot-1  | 	at org.springframework.beans.factory.support.AbstractAutowireCapableBeanFactory.createBean(AbstractAutowireCapableBeanFactory.java:525) ~[spring-beans-7.0.8.jar!/:7.0.8]
springboot-1  | 	at org.springframework.beans.factory.support.AbstractBeanFactory.lambda$doGetBean$0(AbstractBeanFactory.java:333) ~[spring-beans-7.0.8.jar!/:7.0.8]
springboot-1  | 	at org.springframework.beans.factory.support.DefaultSingletonBeanRegistry.getSingleton(DefaultSingletonBeanRegistry.java:371) ~[spring-beans-7.0.8.jar!/:7.0.8]
springboot-1  | 	at org.springframework.beans.factory.support.AbstractBeanFactory.doGetBean(AbstractBeanFactory.java:331) ~[spring-beans-7.0.8.jar!/:7.0.8]
springboot-1  | 	at org.springframework.beans.factory.support.AbstractBeanFactory.getBean(AbstractBeanFactory.java:201) ~[spring-beans-7.0.8.jar!/:7.0.8]
springboot-1  | 	at org.springframework.beans.factory.support.BeanDefinitionValueResolver.resolveReference(BeanDefinitionValueResolver.java:356) ~[spring-beans-7.0.8.jar!/:7.0.8]
springboot-1  | 	... 86 common frames omitted
springboot-1  | Caused by: org.springframework.beans.factory.BeanCreationException: Error creating bean with name 'entityManagerFactory' defined in class path resource [org/springframework/boot/hibernate/autoconfigure/HibernateJpaConfiguration.class]: Unable to create requested service [org.hibernate.engine.jdbc.env.spi.JdbcEnvironment] due to: Unable to determine Dialect without JDBC metadata (please set 'jakarta.persistence.jdbc.url' for common cases or 'hibernate.dialect' when a custom Dialect implementation must be provided)
springboot-1  | 	at org.springframework.beans.factory.support.AbstractAutowireCapableBeanFactory.initializeBean(AbstractAutowireCapableBeanFactory.java:1815) ~[spring-beans-7.0.8.jar!/:7.0.8]
springboot-1  | 	at org.springframework.beans.factory.support.AbstractAutowireCapableBeanFactory.doCreateBean(AbstractAutowireCapableBeanFactory.java:603) ~[spring-beans-7.0.8.jar!/:7.0.8]
springboot-1  | 	at org.springframework.beans.factory.support.AbstractAutowireCapableBeanFactory.createBean(AbstractAutowireCapableBeanFactory.java:525) ~[spring-beans-7.0.8.jar!/:7.0.8]
springboot-1  | 	at org.springframework.beans.factory.support.AbstractBeanFactory.lambda$doGetBean$0(AbstractBeanFactory.java:333) ~[spring-beans-7.0.8.jar!/:7.0.8]
springboot-1  | 	at org.springframework.beans.factory.support.DefaultSingletonBeanRegistry.getSingleton(DefaultSingletonBeanRegistry.java:371) ~[spring-beans-7.0.8.jar!/:7.0.8]
springboot-1  | 	at org.springframework.beans.factory.support.AbstractBeanFactory.doGetBean(AbstractBeanFactory.java:331) ~[spring-beans-7.0.8.jar!/:7.0.8]
springboot-1  | 	at org.springframework.beans.factory.support.AbstractBeanFactory.getBean(AbstractBeanFactory.java:196) ~[spring-beans-7.0.8.jar!/:7.0.8]
springboot-1  | 	at org.springframework.beans.factory.support.BeanDefinitionValueResolver.resolveReference(BeanDefinitionValueResolver.java:365) ~[spring-beans-7.0.8.jar!/:7.0.8]
springboot-1  | 	... 98 common frames omitted
springboot-1  | Caused by: org.hibernate.service.spi.ServiceException: Unable to create requested service [org.hibernate.engine.jdbc.env.spi.JdbcEnvironment] due to: Unable to determine Dialect without JDBC metadata (please set 'jakarta.persistence.jdbc.url' for common cases or 'hibernate.dialect' when a custom Dialect implementation must be provided)
springboot-1  | 	at org.hibernate.service.internal.AbstractServiceRegistryImpl.createService(AbstractServiceRegistryImpl.java:273) ~[hibernate-core-7.4.1.Final.jar!/:7.4.1.Final]
springboot-1  | 	at org.hibernate.service.internal.AbstractServiceRegistryImpl.initializeService(AbstractServiceRegistryImpl.java:235) ~[hibernate-core-7.4.1.Final.jar!/:7.4.1.Final]
springboot-1  | 	at org.hibernate.service.internal.AbstractServiceRegistryImpl.getService(AbstractServiceRegistryImpl.java:212) ~[hibernate-core-7.4.1.Final.jar!/:7.4.1.Final]
springboot-1  | 	at org.hibernate.boot.model.relational.Database.<init>(Database.java:44) ~[hibernate-core-7.4.1.Final.jar!/:7.4.1.Final]
springboot-1  | 	at org.hibernate.boot.internal.InFlightMetadataCollectorImpl.getDatabase(InFlightMetadataCollectorImpl.java:251) ~[hibernate-core-7.4.1.Final.jar!/:7.4.1.Final]
springboot-1  | 	at org.hibernate.boot.internal.InFlightMetadataCollectorImpl.<init>(InFlightMetadataCollectorImpl.java:203) ~[hibernate-core-7.4.1.Final.jar!/:7.4.1.Final]
springboot-1  | 	at org.hibernate.boot.model.process.spi.MetadataBuildingProcess.complete(MetadataBuildingProcess.java:180) ~[hibernate-core-7.4.1.Final.jar!/:7.4.1.Final]
springboot-1  | 	at org.hibernate.jpa.boot.internal.EntityManagerFactoryBuilderImpl.metadata(EntityManagerFactoryBuilderImpl.java:1388) ~[hibernate-core-7.4.1.Final.jar!/:7.4.1.Final]
springboot-1  | 	at org.hibernate.jpa.boot.internal.EntityManagerFactoryBuilderImpl.populateSessionFactoryBuilder(EntityManagerFactoryBuilderImpl.java:1468) ~[hibernate-core-7.4.1.Final.jar!/:7.4.1.Final]
springboot-1  | 	at org.hibernate.jpa.boot.internal.EntityManagerFactoryBuilderImpl.build(EntityManagerFactoryBuilderImpl.java:1450) ~[hibernate-core-7.4.1.Final.jar!/:7.4.1.Final]
springboot-1  | 	at org.springframework.orm.jpa.vendor.SpringHibernateJpaPersistenceProvider.createContainerEntityManagerFactory(SpringHibernateJpaPersistenceProvider.java:93) ~[spring-orm-7.0.8.jar!/:7.0.8]
springboot-1  | 	at org.springframework.orm.jpa.LocalContainerEntityManagerFactoryBean.createNativeEntityManagerFactory(LocalContainerEntityManagerFactoryBean.java:443) ~[spring-orm-7.0.8.jar!/:7.0.8]
springboot-1  | 	at org.springframework.orm.jpa.AbstractEntityManagerFactoryBean.buildNativeEntityManagerFactory(AbstractEntityManagerFactoryBean.java:436) ~[spring-orm-7.0.8.jar!/:7.0.8]
springboot-1  | 	at org.springframework.orm.jpa.AbstractEntityManagerFactoryBean.afterPropertiesSet(AbstractEntityManagerFactoryBean.java:411) ~[spring-orm-7.0.8.jar!/:7.0.8]
springboot-1  | 	at org.springframework.orm.jpa.LocalContainerEntityManagerFactoryBean.afterPropertiesSet(LocalContainerEntityManagerFactoryBean.java:419) ~[spring-orm-7.0.8.jar!/:7.0.8]
springboot-1  | 	at org.springframework.beans.factory.support.AbstractAutowireCapableBeanFactory.invokeInitMethods(AbstractAutowireCapableBeanFactory.java:1862) ~[spring-beans-7.0.8.jar!/:7.0.8]
springboot-1  | 	at org.springframework.beans.factory.support.AbstractAutowireCapableBeanFactory.initializeBean(AbstractAutowireCapableBeanFactory.java:1811) ~[spring-beans-7.0.8.jar!/:7.0.8]
springboot-1  | 	... 105 common frames omitted
springboot-1  | Caused by: org.hibernate.HibernateException: Unable to determine Dialect without JDBC metadata (please set 'jakarta.persistence.jdbc.url' for common cases or 'hibernate.dialect' when a custom Dialect implementation must be provided)
springboot-1  | 	at org.hibernate.engine.jdbc.dialect.internal.DialectFactoryImpl.determineDialect(DialectFactoryImpl.java:190) ~[hibernate-core-7.4.1.Final.jar!/:7.4.1.Final]
springboot-1  | 	at org.hibernate.engine.jdbc.dialect.internal.DialectFactoryImpl.buildDialect(DialectFactoryImpl.java:86) ~[hibernate-core-7.4.1.Final.jar!/:7.4.1.Final]
springboot-1  | 	at org.hibernate.engine.jdbc.env.internal.JdbcEnvironmentInitiator.getJdbcEnvironmentWithDefaults(JdbcEnvironmentInitiator.java:200) ~[hibernate-core-7.4.1.Final.jar!/:7.4.1.Final]
springboot-1  | 	at org.hibernate.engine.jdbc.env.internal.JdbcEnvironmentInitiator.getJdbcEnvironmentUsingJdbcMetadata(JdbcEnvironmentInitiator.java:452) ~[hibernate-core-7.4.1.Final.jar!/:7.4.1.Final]
springboot-1  | 	at org.hibernate.engine.jdbc.env.internal.JdbcEnvironmentInitiator.getJdbcEnvironment(JdbcEnvironmentInitiator.java:143) ~[hibernate-core-7.4.1.Final.jar!/:7.4.1.Final]
springboot-1  | 	at org.hibernate.engine.jdbc.env.internal.JdbcEnvironmentInitiator.initiateService(JdbcEnvironmentInitiator.java:120) ~[hibernate-core-7.4.1.Final.jar!/:7.4.1.Final]
springboot-1  | 	at org.hibernate.engine.jdbc.env.internal.JdbcEnvironmentInitiator.initiateService(JdbcEnvironmentInitiator.java:80) ~[hibernate-core-7.4.1.Final.jar!/:7.4.1.Final]
springboot-1  | 	at org.hibernate.boot.registry.internal.StandardServiceRegistryImpl.initiateService(StandardServiceRegistryImpl.java:133) ~[hibernate-core-7.4.1.Final.jar!/:7.4.1.Final]
springboot-1  | 	at org.hibernate.service.internal.AbstractServiceRegistryImpl.createService(AbstractServiceRegistryImpl.java:260) ~[hibernate-core-7.4.1.Final.jar!/:7.4.1.Final]
springboot-1  | 	... 121 common frames omitted
springboot-1  | 
